IQ-TREE version 3.1.2 for Linux x86 64-bit built May  7 2026
Developed by Bui Quang Minh, Thomas Wong, Nhan Ly-Trong, Huaiyan Ren
Contributed by Lam-Tung Nguyen, Dominik Schrempf, Chris Bielow,
Olga Chernomor, Michael Woodhams, Diep Thi Hoang, Heiko Schmidt

Host:    Sora (AVX512, FMA3, 29 GB RAM)
Command: /mnt/c/Users/kuowe/Broussonetia/tools/iqtree-download/iqtree-3.1.2-Linux/bin/iqtree3_intel -s /mnt/c/Users/kuowe/Broussonetia/reports/iqtree/chr1_beagle4.1_radseq_ufboot/Broussonetia_RADseq.chr1.beagle4.1.snps.phy -st DNA -m GTR+ASC -B 1000 -T 24 --prefix /mnt/c/Users/kuowe/Broussonetia/reports/iqtree/chr1_beagle4.1_radseq_ufboot/Broussonetia_RADseq.chr1.beagle4.1.GTR_ASC.ufboot1000
Seed:    555016 (Using SPRNG - Scalable Parallel Random Number Generator)
Time:    Thu May 14 10:38:29 2026
Kernel:  AVX+FMA - 24 threads (24 CPU cores detected)

Reading alignment file /mnt/c/Users/kuowe/Broussonetia/reports/iqtree/chr1_beagle4.1_radseq_ufboot/Broussonetia_RADseq.chr1.beagle4.1.snps.phy ... Phylip format detected
Constructing alignment: done in 0.056133 secs using 2278% CPU
Alignment has 137 sequences with 39261 columns, 34344 distinct patterns
27695 parsimony-informative, 11566 singleton sites, 0 constant sites
             Gap/Ambiguity  Composition  p-value
Analyzing sequences: done in 0.0013001 secs using 2196% CPU
   1  SRR12425370   13.18%    passed     56.52%
   2  SRR12425371   16.75%    failed      2.94%
   3  SRR12425372   13.04%    passed      7.66%
   4  SRR12425373   12.53%    passed     80.80%
   5  SRR12425375   13.83%    passed      7.42%
   6  SRR12425376   13.61%    passed     55.08%
   7  SRR12425378   13.23%    passed     43.05%
   8  SRR12425379   12.16%    passed     96.96%
   9  SRR12425380   12.79%    passed     18.62%
  10  SRR12425382   13.45%    passed      8.01%
  11  SRR12425383   13.11%    passed     55.07%
  12  SRR12425384   13.56%    passed     15.81%
  13  SRR12425385    4.00%    failed      0.00%
  14  SRR12425386    0.89%    failed      0.00%
  15  SRR12425387   12.30%    passed     11.77%
  16  SRR12425388   12.36%    passed     10.68%
  17  SRR12425389   12.38%    passed     11.02%
  18  SRR12425390   12.32%    passed     10.22%
  19  SRR12425391   13.15%    passed     27.25%
  20  SRR12425392   12.34%    passed     10.20%
  21  SRR12425393    6.73%    passed     65.88%
  22  SRR12425394    6.61%    passed     43.14%
  23  SRR12425395   16.01%    failed      0.55%
  24  SRR12425396   15.67%    failed      0.19%
  25  SRR12425397   17.12%    failed      0.00%
  26  SRR12425398   19.84%    failed      0.00%
  27  SRR12425399   17.98%    failed      0.00%
  28  SRR12425400   19.07%    failed      0.00%
  29  SRR12425401   18.97%    failed      0.00%
  30  SRR12425402   13.16%    passed     61.25%
  31  SRR12425403   19.07%    failed      0.16%
  32  SRR12425404   18.15%    failed      0.23%
  33  SRR12425405   17.58%    failed      2.92%
  34  SRR12425406   18.14%    failed      4.13%
  35  SRR12425407   18.84%    failed      0.69%
  36  SRR12425408   18.35%    failed      0.01%
  37  SRR12425409   19.23%    failed      0.04%
  38  SRR12425410   13.55%    passed      7.34%
  39  SRR12425411   18.11%    failed      0.49%
  40  SRR12425412   15.17%    failed      3.84%
  41  SRR12425413   12.99%    passed     57.58%
  42  SRR12425414   14.08%    passed     31.45%
  43  SRR12425415   18.55%    failed      0.00%
  44  SRR12425416   13.63%    passed     36.55%
  45  SRR12425417   13.55%    passed     73.23%
  46  SRR12425418   13.67%    passed     27.18%
  47  SRR12425419   15.20%    passed     15.15%
  48  SRR12425420   13.49%    passed     13.86%
  49  SRR12425421   12.98%    passed     23.89%
  50  SRR12425422   13.72%    passed     14.28%
  51  SRR12425423   13.88%    passed     14.14%
  52  SRR12425424   13.37%    passed     48.90%
  53  SRR12425425   13.19%    passed     21.80%
  54  SRR12425426   13.36%    passed     30.31%
  55  SRR12425427   13.60%    passed     13.62%
  56  SRR12425428   12.32%    passed     53.53%
  57  SRR12425429   17.26%    failed      1.14%
  58  SRR12425430   17.97%    failed      0.02%
  59  SRR12425431   18.05%    failed      0.03%
  60  SRR12425432   17.53%    failed      0.01%
  61  SRR12425433   16.29%    failed      3.03%
  62  SRR12425434   18.35%    failed      0.08%
  63  SRR12425435   13.54%    passed     26.62%
  64  SRR12425436   14.45%    passed      8.64%
  65  SRR12425437   16.29%    passed     12.22%
  66  SRR12425438   15.78%    passed     13.59%
  67  SRR12425439   14.41%    passed     43.07%
  68  SRR12425440   17.31%    failed      1.02%
  69  SRR12425441   20.32%    failed      0.00%
  70  SRR12425442   16.94%    failed      3.29%
  71  SRR12425443   13.54%    passed     22.85%
  72  SRR12425444   17.41%    passed      6.14%
  73  SRR12425445   20.22%    failed      0.00%
  74  SRR12425446   12.31%    passed     73.69%
  75  SRR12425447   13.47%    passed     18.61%
  76  SRR12425448   13.60%    passed     44.91%
  77  SRR12425449   13.44%    passed     36.98%
  78  SRR12425450   13.71%    passed     29.24%
  79  SRR12425452   13.16%    passed     74.74%
  80  SRR12425453   12.85%    passed     67.03%
  81  SRR12425454   11.62%    passed     80.61%
  82  SRR12425455   13.07%    passed      7.55%
  83  SRR12425456   12.90%    passed     15.90%
  84  SRR12425457   13.32%    passed     33.42%
  85  SRR12425458   13.44%    passed     34.41%
  86  SRR12425459   13.17%    passed     37.11%
  87  SRR12425460   13.73%    failed      4.80%
  88  SRR12425461   13.39%    passed     10.25%
  89  SRR12425462   12.67%    passed     35.54%
  90  SRR12425463   12.40%    passed      8.71%
  91  SRR12425464   14.41%    failed      1.08%
  92  SRR12425467    8.44%    passed     62.09%
  93  SRR12425470    9.02%    passed     98.08%
  94  SRR12425471    7.95%    passed     97.21%
  95  SRR12425472   13.52%    passed      6.59%
  96  SRR12425473    7.77%    passed     85.30%
  97  SRR12425474    8.42%    passed     81.42%
  98  SRR12425475   12.38%    passed     11.03%
  99  SRR12425476   13.58%    passed     42.01%
 100  SRR12425477   16.89%    failed      0.38%
 101  SRR12425478   15.83%    failed      0.65%
 102  SRR12425481   15.75%    passed      6.48%
 103  SRR12425482   18.64%    failed      0.03%
 104  SRR12425483   13.81%    passed     59.68%
 105  SRR12425492   21.11%    failed      0.01%
 106  SRR12425494   13.65%    passed     23.39%
 107  SRR12425501   12.73%    passed     18.32%
 108  SRR12425504   12.31%    passed     11.02%
 109  SRR12425505   12.41%    passed     45.86%
 110  SRR12425506   12.32%    passed     11.84%
 111  SRR12425507   12.37%    passed      9.86%
 112  SRR12425508   12.33%    passed     11.78%
 113  SRR12425509   12.38%    passed     10.77%
 114  SRR12425510   12.37%    passed     10.57%
 115  SRR12425511   12.40%    passed      9.59%
 116  SRR12425512   12.38%    passed     10.71%
 117  SRR12425513   12.38%    passed      9.31%
 118  SRR12425514   12.36%    passed     11.59%
 119  SRR12425516   13.10%    passed     66.91%
 120  SRR12425520   14.82%    passed     10.32%
 121  SRR12425521   12.06%    passed     62.16%
 122  SRR12425522   16.34%    passed     27.96%
 123  SRR12425523   12.41%    passed     10.78%
 124  SRR12425524   18.90%    failed      0.20%
 125  SRR12425525   17.47%    failed      0.16%
 126  SRR12425526   17.55%    failed      1.80%
 127  SRR12425527   13.38%    passed     73.94%
 128  SRR12425529   18.80%    failed      3.92%
 129  SRR12425532   16.27%    passed     10.61%
 130  SRR12425533   18.72%    passed      6.64%
 131  SRR12425534   17.06%    passed      5.99%
 132  SRR12425535   16.15%    failed      4.40%
 133  SRR12425536   19.36%    failed      0.03%
 134  SRR12425537   18.43%    failed      0.01%
 135  SRR12425538   12.64%    passed     37.42%
 136  SRR12425539   13.11%    passed     40.94%
 137  SRR12425540   13.29%    passed     58.75%
****  TOTAL         14.29%  43 sequences failed composition chi2 test (p-value<5%; df=3)
Checking for duplicate sequences: done in 0.00818992 secs using 2349% CPU

Create initial parsimony tree by phylogenetic likelihood library (PLL)... 0.356 seconds
Generating 1000 samples for ultrafast bootstrap (seed: 555016)...

NOTE: 283 MB RAM (0 GB) is required!
Estimate model parameters (epsilon = 0.100)
1. Initial log-likelihood: -1091480.734
2. Current log-likelihood: -1052543.460
3. Current log-likelihood: -1052504.513
Optimal log-likelihood: -1052504.485
Rate parameters:  A-C: 1.03290  A-G: 2.93335  A-T: 1.52230  C-G: 0.62846  C-T: 2.87675  G-T: 1.00000
Base frequencies:  A: 0.225  C: 0.274  G: 0.272  T: 0.228
Parameters optimization took 3 rounds (3.768 sec)
Wrote distance file to... 
Computing ML distances based on estimated model parameters...
Calculating distance matrix: done in 0.0562289 secs using 2390% CPU
Computing ML distances took 0.062721 sec (of wall-clock time) 1.491345 sec (of CPU time)
Setting up auxiliary I and S matrices: done in 0.00814295 secs using 1294% CPU
Constructing RapidNJ tree: done in 1.18623 secs using 1040% CPU
Computing RapidNJ tree took 1.195092 sec (of wall-clock time) 12.451247 sec (of CPU time)
Log-likelihood of RapidNJ tree: -1059612.825
--------------------------------------------------------------------
|             INITIALIZING CANDIDATE TREE SET                      |
--------------------------------------------------------------------
Generating 98 parsimony trees... 37.824 second
Computing log-likelihood of 98 initial trees ... 5.760 seconds
Current best score: -1052504.485

Do NNI search on 20 best initial trees
Estimate model parameters (epsilon = 0.100)
BETTER TREE FOUND at iteration 1: -1052339.483
Estimate model parameters (epsilon = 0.100)
BETTER TREE FOUND at iteration 2: -1051846.943
Iteration 10 / LogL: -1052033.448 / Time: 0h:1m:21s
Iteration 20 / LogL: -1051924.645 / Time: 0h:1m:44s
Finish initializing candidate tree set (20)
Current best tree score: -1051846.943 / CPU time: 96.184
Number of iterations: 20
--------------------------------------------------------------------
|               OPTIMIZING CANDIDATE TREE SET                      |
--------------------------------------------------------------------
Estimate model parameters (epsilon = 0.100)
BETTER TREE FOUND at iteration 27: -1051845.334
Iteration 30 / LogL: -1051861.274 / Time: 0h:2m:5s (0h:6m:57s left)
Estimate model parameters (epsilon = 0.100)
BETTER TREE FOUND at iteration 39: -1051835.368
Iteration 40 / LogL: -1052001.066 / Time: 0h:2m:21s (0h:5m:57s left)
Estimate model parameters (epsilon = 0.100)
BETTER TREE FOUND at iteration 42: -1051799.399
Iteration 50 / LogL: -1051857.050 / Time: 0h:2m:40s (0h:5m:0s left)
Log-likelihood cutoff on original alignment: -1052480.163
Estimate model parameters (epsilon = 0.100)
BETTER TREE FOUND at iteration 54: -1051788.892
Iteration 60 / LogL: -1051916.685 / Time: 0h:3m:0s (0h:4m:46s left)
Estimate model parameters (epsilon = 0.100)
BETTER TREE FOUND at iteration 61: -1051777.071
Estimate model parameters (epsilon = 0.100)
BETTER TREE FOUND at iteration 65: -1051774.791
Iteration 70 / LogL: -1051935.231 / Time: 0h:3m:20s (0h:4m:35s left)
Iteration 80 / LogL: -1051824.644 / Time: 0h:3m:35s (0h:3m:50s left)
Iteration 90 / LogL: -1051774.812 / Time: 0h:3m:52s (0h:3m:15s left)
Iteration 100 / LogL: -1052139.495 / Time: 0h:4m:9s (0h:2m:43s left)
Log-likelihood cutoff on original alignment: -1052480.163
NOTE: Bootstrap correlation coefficient of split occurrence frequencies: 0.993
Iteration 110 / LogL: -1051872.866 / Time: 0h:4m:24s (0h:3m:38s left)
Iteration 120 / LogL: -1051815.690 / Time: 0h:4m:42s (0h:3m:9s left)
Iteration 130 / LogL: -1052063.624 / Time: 0h:5m:0s (0h:2m:43s left)
Iteration 140 / LogL: -1051971.665 / Time: 0h:5m:22s (0h:2m:19s left)
Iteration 150 / LogL: -1051795.919 / Time: 0h:5m:39s (0h:1m:53s left)
Log-likelihood cutoff on original alignment: -1052467.180
Iteration 160 / LogL: -1051992.309 / Time: 0h:5m:56s (0h:1m:29s left)
TREE SEARCH COMPLETED AFTER 166 ITERATIONS / Time: 0h:6m:3s

--------------------------------------------------------------------
|                    FINALIZING TREE SEARCH                        |
--------------------------------------------------------------------
Performs final model parameters optimization
Estimate model parameters (epsilon = 0.010)
1. Initial log-likelihood: -1051774.791
Optimal log-likelihood: -1051774.791
Rate parameters:  A-C: 1.03221  A-G: 2.93454  A-T: 1.51965  C-G: 0.62375  C-T: 2.88023  G-T: 1.00000
Base frequencies:  A: 0.225  C: 0.274  G: 0.272  T: 0.228
Parameters optimization took 1 rounds (0.187 sec)
BEST SCORE FOUND : -1051774.791
Creating bootstrap support values...
Split supports printed to NEXUS file /mnt/c/Users/kuowe/Broussonetia/reports/iqtree/chr1_beagle4.1_radseq_ufboot/Broussonetia_RADseq.chr1.beagle4.1.GTR_ASC.ufboot1000.splits.nex
Total tree length: 5.215

Total number of iterations: 166
CPU time used for tree search: 8091.392 sec (2h:14m:51s)
Wall-clock time used for tree search: 355.097 sec (0h:5m:55s)
Total CPU time used: 8282.687 sec (2h:18m:2s)
Total wall-clock time used: 364.323 sec (0h:6m:4s)

Computing bootstrap consensus tree...
Reading input file /mnt/c/Users/kuowe/Broussonetia/reports/iqtree/chr1_beagle4.1_radseq_ufboot/Broussonetia_RADseq.chr1.beagle4.1.GTR_ASC.ufboot1000.splits.nex...
137 taxa and 897 splits.
Consensus tree written to /mnt/c/Users/kuowe/Broussonetia/reports/iqtree/chr1_beagle4.1_radseq_ufboot/Broussonetia_RADseq.chr1.beagle4.1.GTR_ASC.ufboot1000.contree
Reading input trees file /mnt/c/Users/kuowe/Broussonetia/reports/iqtree/chr1_beagle4.1_radseq_ufboot/Broussonetia_RADseq.chr1.beagle4.1.GTR_ASC.ufboot1000.contree
Log-likelihood of consensus tree: -1051775.401

Analysis results written to: 
  IQ-TREE report:                /mnt/c/Users/kuowe/Broussonetia/reports/iqtree/chr1_beagle4.1_radseq_ufboot/Broussonetia_RADseq.chr1.beagle4.1.GTR_ASC.ufboot1000.iqtree
  Maximum-likelihood tree:       /mnt/c/Users/kuowe/Broussonetia/reports/iqtree/chr1_beagle4.1_radseq_ufboot/Broussonetia_RADseq.chr1.beagle4.1.GTR_ASC.ufboot1000.treefile
  Likelihood distances:          /mnt/c/Users/kuowe/Broussonetia/reports/iqtree/chr1_beagle4.1_radseq_ufboot/Broussonetia_RADseq.chr1.beagle4.1.GTR_ASC.ufboot1000.mldist

Ultrafast bootstrap approximation results written to:
  Split support values:          /mnt/c/Users/kuowe/Broussonetia/reports/iqtree/chr1_beagle4.1_radseq_ufboot/Broussonetia_RADseq.chr1.beagle4.1.GTR_ASC.ufboot1000.splits.nex
  Consensus tree:                /mnt/c/Users/kuowe/Broussonetia/reports/iqtree/chr1_beagle4.1_radseq_ufboot/Broussonetia_RADseq.chr1.beagle4.1.GTR_ASC.ufboot1000.contree
  Screen log file:               /mnt/c/Users/kuowe/Broussonetia/reports/iqtree/chr1_beagle4.1_radseq_ufboot/Broussonetia_RADseq.chr1.beagle4.1.GTR_ASC.ufboot1000.log

Date and Time: Thu May 14 10:44:35 2026
