****                   ADMIXTURE Version 1.4.0                  ****
****                    Copyright 2008-2025                     ****
****           David Alexander, Suyash Shringarpure,            ****
****                John Novembre, Ken Lange                    ****
****                                                            ****
****                 Please cite our paper!                     ****
****   Information at https://dalexander.github.io/admixture/   ****

Cross-validation will be performed.  Folds=10.
Parallel execution requested.  Will use 24 threads.
Random seed: 43
Point estimation method: Block relaxation algorithm
Convergence acceleration algorithm: QuasiNewton, 3 secant conditions
Point estimation will terminate when objective function delta < 0.0001
Estimation of standard errors disabled; will compute point estimates only.
Size of G: 137x88289
Performing five EM steps to prime main algorithm
1 (EM) 	Elapsed: 0.025	Loglikelihood: -4.33893e+06	(delta): 1.29832e+07
2 (EM) 	Elapsed: 0.025	Loglikelihood: -4.01471e+06	(delta): 324218
3 (EM) 	Elapsed: 0.023	Loglikelihood: -3.95988e+06	(delta): 54832.3
4 (EM) 	Elapsed: 0.025	Loglikelihood: -3.92582e+06	(delta): 34063.7
5 (EM) 	Elapsed: 0.025	Loglikelihood: -3.89763e+06	(delta): 28191.5
Initial loglikelihood: -3.89763e+06
Starting main algorithm
1 (QN/Block) 	Elapsed: 0.284	Loglikelihood: -3.18362e+06	(delta): 714009
2 (QN/Block) 	Elapsed: 0.283	Loglikelihood: -2.91239e+06	(delta): 271228
3 (QN/Block) 	Elapsed: 0.421	Loglikelihood: -2.77765e+06	(delta): 134745
4 (QN/Block) 	Elapsed: 0.324	Loglikelihood: -2.70482e+06	(delta): 72827.7
5 (QN/Block) 	Elapsed: 0.359	Loglikelihood: -2.67626e+06	(delta): 28558.4
6 (QN/Block) 	Elapsed: 0.33	Loglikelihood: -2.66371e+06	(delta): 12548.7
7 (QN/Block) 	Elapsed: 0.305	Loglikelihood: -2.65999e+06	(delta): 3719.18
8 (QN/Block) 	Elapsed: 0.313	Loglikelihood: -2.65817e+06	(delta): 1820.8
9 (QN/Block) 	Elapsed: 0.323	Loglikelihood: -2.65716e+06	(delta): 1007.09
10 (QN/Block) 	Elapsed: 0.333	Loglikelihood: -2.65688e+06	(delta): 279.773
11 (QN/Block) 	Elapsed: 0.333	Loglikelihood: -2.65681e+06	(delta): 78.5396
12 (QN/Block) 	Elapsed: 0.363	Loglikelihood: -2.65676e+06	(delta): 46.1131
13 (QN/Block) 	Elapsed: 0.342	Loglikelihood: -2.65673e+06	(delta): 34.717
14 (QN/Block) 	Elapsed: 0.364	Loglikelihood: -2.65669e+06	(delta): 33.9279
15 (QN/Block) 	Elapsed: 0.372	Loglikelihood: -2.65668e+06	(delta): 15.8945
16 (QN/Block) 	Elapsed: 0.345	Loglikelihood: -2.65666e+06	(delta): 16.1177
17 (QN/Block) 	Elapsed: 0.366	Loglikelihood: -2.65665e+06	(delta): 11.0626
18 (QN/Block) 	Elapsed: 0.355	Loglikelihood: -2.65662e+06	(delta): 25.7825
19 (QN/Block) 	Elapsed: 0.361	Loglikelihood: -2.65661e+06	(delta): 9.62748
20 (QN/Block) 	Elapsed: 0.351	Loglikelihood: -2.65661e+06	(delta): 0.58108
21 (QN/Block) 	Elapsed: 0.354	Loglikelihood: -2.65661e+06	(delta): 0.718314
22 (QN/Block) 	Elapsed: 0.377	Loglikelihood: -2.65661e+06	(delta): 0.937736
23 (QN/Block) 	Elapsed: 0.35	Loglikelihood: -2.65661e+06	(delta): 1.24428
24 (QN/Block) 	Elapsed: 0.443	Loglikelihood: -2.65661e+06	(delta): 1.66807
25 (QN/Block) 	Elapsed: 0.357	Loglikelihood: -2.65661e+06	(delta): 1.66114
26 (QN/Block) 	Elapsed: 0.371	Loglikelihood: -2.65661e+06	(delta): 0.00791732
27 (QN/Block) 	Elapsed: 0.375	Loglikelihood: -2.65661e+06	(delta): 0.00173051
28 (QN/Block) 	Elapsed: 0.31	Loglikelihood: -2.65661e+06	(delta): 0.000781727
29 (QN/Block) 	Elapsed: 0.325	Loglikelihood: -2.65661e+06	(delta): 3.37805e-05
Summary: 
Converged in 29 iterations (10.557 sec)
Loglikelihood: -2656605.833152
Fst divergences between estimated populations: 
	Pop0	Pop1	Pop2	Pop3	Pop4	Pop5	Pop6	Pop7	Pop8	Pop9	Pop10	Pop11	Pop12	Pop13	
Pop0	
Pop1	0.180	
Pop2	0.218	0.229	
Pop3	0.272	0.260	0.286	
Pop4	0.370	0.368	0.366	0.281	
Pop5	0.154	0.138	0.202	0.211	0.313	
Pop6	0.628	0.637	0.594	0.683	0.801	0.597	
Pop7	0.281	0.271	0.288	0.144	0.249	0.223	0.685	
Pop8	0.415	0.407	0.429	0.480	0.623	0.340	0.842	0.491	
Pop9	0.202	0.219	0.181	0.262	0.340	0.174	0.559	0.266	0.393	
Pop10	0.413	0.411	0.393	0.377	0.484	0.370	0.780	0.338	0.633	0.366	
Pop11	0.578	0.585	0.552	0.616	0.698	0.552	0.700	0.617	0.737	0.525	0.692	
Pop12	0.273	0.264	0.278	0.133	0.227	0.214	0.676	0.072	0.480	0.257	0.326	0.610	
Pop13	0.195	0.195	0.117	0.264	0.347	0.173	0.592	0.267	0.409	0.174	0.379	0.549	0.258	
Pop14	0.268	0.257	0.283	0.073	0.272	0.207	0.679	0.141	0.476	0.260	0.375	0.613	0.124	0.262	
CV error (K=15): 0.24838
Writing output files.
