****                   ADMIXTURE Version 1.4.0                  ****
****                    Copyright 2008-2025                     ****
****           David Alexander, Suyash Shringarpure,            ****
****                John Novembre, Ken Lange                    ****
****                                                            ****
****                 Please cite our paper!                     ****
****   Information at https://dalexander.github.io/admixture/   ****

Cross-validation will be performed.  Folds=10.
Parallel execution requested.  Will use 24 threads.
Random seed: 43
Point estimation method: Block relaxation algorithm
Convergence acceleration algorithm: QuasiNewton, 3 secant conditions
Point estimation will terminate when objective function delta < 0.0001
Estimation of standard errors disabled; will compute point estimates only.
Size of G: 137x88289
Performing five EM steps to prime main algorithm
1 (EM) 	Elapsed: 0.025	Loglikelihood: -4.34373e+06	(delta): 1.31144e+07
2 (EM) 	Elapsed: 0.019	Loglikelihood: -4.02219e+06	(delta): 321534
3 (EM) 	Elapsed: 0.02	Loglikelihood: -3.96599e+06	(delta): 56200.7
4 (EM) 	Elapsed: 0.019	Loglikelihood: -3.93072e+06	(delta): 35275.1
5 (EM) 	Elapsed: 0.02	Loglikelihood: -3.90157e+06	(delta): 29150.9
Initial loglikelihood: -3.90157e+06
Starting main algorithm
1 (QN/Block) 	Elapsed: 0.207	Loglikelihood: -3.19355e+06	(delta): 708022
2 (QN/Block) 	Elapsed: 0.195	Loglikelihood: -2.98998e+06	(delta): 203566
3 (QN/Block) 	Elapsed: 0.291	Loglikelihood: -2.85866e+06	(delta): 131320
4 (QN/Block) 	Elapsed: 0.265	Loglikelihood: -2.79607e+06	(delta): 62593.8
5 (QN/Block) 	Elapsed: 0.234	Loglikelihood: -2.77255e+06	(delta): 23521.5
6 (QN/Block) 	Elapsed: 0.234	Loglikelihood: -2.76018e+06	(delta): 12369.9
7 (QN/Block) 	Elapsed: 0.245	Loglikelihood: -2.75622e+06	(delta): 3957.69
8 (QN/Block) 	Elapsed: 0.237	Loglikelihood: -2.75402e+06	(delta): 2194.01
9 (QN/Block) 	Elapsed: 0.225	Loglikelihood: -2.75324e+06	(delta): 780.998
10 (QN/Block) 	Elapsed: 0.227	Loglikelihood: -2.75299e+06	(delta): 255.217
11 (QN/Block) 	Elapsed: 0.234	Loglikelihood: -2.75283e+06	(delta): 161.627
12 (QN/Block) 	Elapsed: 0.258	Loglikelihood: -2.75258e+06	(delta): 245.768
13 (QN/Block) 	Elapsed: 0.248	Loglikelihood: -2.75241e+06	(delta): 165.815
14 (QN/Block) 	Elapsed: 0.248	Loglikelihood: -2.75238e+06	(delta): 33.6645
15 (QN/Block) 	Elapsed: 0.252	Loglikelihood: -2.75238e+06	(delta): 4.34336
16 (QN/Block) 	Elapsed: 0.21	Loglikelihood: -2.75237e+06	(delta): 2.06074
17 (QN/Block) 	Elapsed: 0.215	Loglikelihood: -2.75237e+06	(delta): 0.885469
18 (QN/Block) 	Elapsed: 0.226	Loglikelihood: -2.75237e+06	(delta): 0.379696
19 (QN/Block) 	Elapsed: 0.237	Loglikelihood: -2.75237e+06	(delta): 0.272798
20 (QN/Block) 	Elapsed: 0.222	Loglikelihood: -2.75237e+06	(delta): 0.177737
21 (QN/Block) 	Elapsed: 0.224	Loglikelihood: -2.75237e+06	(delta): 0.106242
22 (QN/Block) 	Elapsed: 0.224	Loglikelihood: -2.75237e+06	(delta): 0.0708106
23 (QN/Block) 	Elapsed: 0.237	Loglikelihood: -2.75237e+06	(delta): 0.184851
24 (QN/Block) 	Elapsed: 0.249	Loglikelihood: -2.75237e+06	(delta): 0.173283
25 (QN/Block) 	Elapsed: 0.238	Loglikelihood: -2.75237e+06	(delta): 0.23316
26 (QN/Block) 	Elapsed: 0.263	Loglikelihood: -2.75237e+06	(delta): 0.110106
27 (QN/Block) 	Elapsed: 0.238	Loglikelihood: -2.75237e+06	(delta): 0.038898
28 (QN/Block) 	Elapsed: 0.249	Loglikelihood: -2.75237e+06	(delta): 0.000450507
29 (QN/Block) 	Elapsed: 0.219	Loglikelihood: -2.75237e+06	(delta): 0.00124722
30 (QN/Block) 	Elapsed: 0.258	Loglikelihood: -2.75237e+06	(delta): 0.00050782
31 (QN/Block) 	Elapsed: 0.224	Loglikelihood: -2.75237e+06	(delta): 0.000214609
32 (QN/Block) 	Elapsed: 0.212	Loglikelihood: -2.75237e+06	(delta): 2.65753e-05
Summary: 
Converged in 32 iterations (7.977 sec)
Loglikelihood: -2752371.334260
Fst divergences between estimated populations: 
	Pop0	Pop1	Pop2	Pop3	Pop4	Pop5	Pop6	Pop7	Pop8	Pop9	Pop10	
Pop0	
Pop1	0.344	
Pop2	0.265	0.251	
Pop3	0.259	0.272	0.140	
Pop4	0.172	0.315	0.224	0.207	
Pop5	0.260	0.280	0.145	0.072	0.211	
Pop6	0.164	0.331	0.241	0.226	0.107	0.230	
Pop7	0.258	0.230	0.081	0.127	0.217	0.135	0.235	
Pop8	0.376	0.484	0.338	0.375	0.371	0.377	0.379	0.329	
Pop9	0.172	0.339	0.264	0.258	0.176	0.261	0.184	0.257	0.365	
Pop10	0.114	0.366	0.287	0.283	0.203	0.284	0.200	0.280	0.393	0.180	
Pop11	0.437	0.572	0.500	0.496	0.442	0.499	0.447	0.494	0.576	0.418	0.442	
CV error (K=12): 0.22663
Writing output files.
