****                   ADMIXTURE Version 1.4.0                  ****
****                    Copyright 2008-2025                     ****
****           David Alexander, Suyash Shringarpure,            ****
****                John Novembre, Ken Lange                    ****
****                                                            ****
****                 Please cite our paper!                     ****
****   Information at https://dalexander.github.io/admixture/   ****

Cross-validation will be performed.  Folds=10.
Parallel execution requested.  Will use 24 threads.
Random seed: 43
Point estimation method: Block relaxation algorithm
Convergence acceleration algorithm: QuasiNewton, 3 secant conditions
Point estimation will terminate when objective function delta < 0.0001
Estimation of standard errors disabled; will compute point estimates only.
Size of G: 137x88289
Performing five EM steps to prime main algorithm
1 (EM) 	Elapsed: 0.01	Loglikelihood: -4.3233e+06	(delta): 1.45767e+07
2 (EM) 	Elapsed: 0.015	Loglikelihood: -4.05685e+06	(delta): 266449
3 (EM) 	Elapsed: 0.016	Loglikelihood: -3.99879e+06	(delta): 58062.9
4 (EM) 	Elapsed: 0.011	Loglikelihood: -3.96347e+06	(delta): 35322.6
5 (EM) 	Elapsed: 0.011	Loglikelihood: -3.9383e+06	(delta): 25173
Initial loglikelihood: -3.9383e+06
Starting main algorithm
1 (QN/Block) 	Elapsed: 0.058	Loglikelihood: -3.49917e+06	(delta): 439124
2 (QN/Block) 	Elapsed: 0.05	Loglikelihood: -3.37963e+06	(delta): 119537
3 (QN/Block) 	Elapsed: 0.087	Loglikelihood: -3.32748e+06	(delta): 52150.3
4 (QN/Block) 	Elapsed: 0.079	Loglikelihood: -3.30104e+06	(delta): 26446.9
5 (QN/Block) 	Elapsed: 0.065	Loglikelihood: -3.29165e+06	(delta): 9389.27
6 (QN/Block) 	Elapsed: 0.068	Loglikelihood: -3.28998e+06	(delta): 1669.7
7 (QN/Block) 	Elapsed: 0.076	Loglikelihood: -3.28962e+06	(delta): 362.164
8 (QN/Block) 	Elapsed: 0.064	Loglikelihood: -3.28948e+06	(delta): 137.422
9 (QN/Block) 	Elapsed: 0.061	Loglikelihood: -3.2894e+06	(delta): 83.1165
10 (QN/Block) 	Elapsed: 0.065	Loglikelihood: -3.28938e+06	(delta): 13.4977
11 (QN/Block) 	Elapsed: 0.086	Loglikelihood: -3.28938e+06	(delta): 0.262643
12 (QN/Block) 	Elapsed: 0.063	Loglikelihood: -3.28938e+06	(delta): 0.00764569
13 (QN/Block) 	Elapsed: 0.069	Loglikelihood: -3.28938e+06	(delta): 0.00032087
14 (QN/Block) 	Elapsed: 0.072	Loglikelihood: -3.28938e+06	(delta): 8.77632e-06
Summary: 
Converged in 14 iterations (1.157 sec)
Loglikelihood: -3289382.008747
Fst divergences between estimated populations: 
	Pop0	Pop1	Pop2	
Pop0	
Pop1	0.171	
Pop2	0.212	0.134	
Pop3	0.212	0.139	0.127	
CV error (K=4): 0.22416
Writing output files.
