****                   ADMIXTURE Version 1.4.0                  ****
****                    Copyright 2008-2025                     ****
****           David Alexander, Suyash Shringarpure,            ****
****                John Novembre, Ken Lange                    ****
****                                                            ****
****                 Please cite our paper!                     ****
****   Information at https://dalexander.github.io/admixture/   ****

Cross-validation will be performed.  Folds=10.
Parallel execution requested.  Will use 24 threads.
Random seed: 43
Point estimation method: Block relaxation algorithm
Convergence acceleration algorithm: QuasiNewton, 3 secant conditions
Point estimation will terminate when objective function delta < 0.0001
Estimation of standard errors disabled; will compute point estimates only.
Size of G: 137x88289
Performing five EM steps to prime main algorithm
1 (EM) 	Elapsed: 0.035	Loglikelihood: -4.33096e+06	(delta): 1.28909e+07
2 (EM) 	Elapsed: 0.036	Loglikelihood: -4.00563e+06	(delta): 325334
3 (EM) 	Elapsed: 0.029	Loglikelihood: -3.9519e+06	(delta): 53729.3
4 (EM) 	Elapsed: 0.028	Loglikelihood: -3.91788e+06	(delta): 34025.6
5 (EM) 	Elapsed: 0.027	Loglikelihood: -3.88871e+06	(delta): 29170
Initial loglikelihood: -3.88871e+06
Starting main algorithm
1 (QN/Block) 	Elapsed: 0.391	Loglikelihood: -3.08218e+06	(delta): 806529
2 (QN/Block) 	Elapsed: 0.382	Loglikelihood: -2.85941e+06	(delta): 222766
3 (QN/Block) 	Elapsed: 0.585	Loglikelihood: -2.74598e+06	(delta): 113427
4 (QN/Block) 	Elapsed: 0.532	Loglikelihood: -2.6843e+06	(delta): 61685.3
5 (QN/Block) 	Elapsed: 0.49	Loglikelihood: -2.65149e+06	(delta): 32811.1
6 (QN/Block) 	Elapsed: 0.513	Loglikelihood: -2.63215e+06	(delta): 19337.5
7 (QN/Block) 	Elapsed: 0.46	Loglikelihood: -2.62351e+06	(delta): 8641.07
8 (QN/Block) 	Elapsed: 0.503	Loglikelihood: -2.6187e+06	(delta): 4812.83
9 (QN/Block) 	Elapsed: 0.44	Loglikelihood: -2.61686e+06	(delta): 1837.84
10 (QN/Block) 	Elapsed: 0.519	Loglikelihood: -2.61547e+06	(delta): 1384.93
11 (QN/Block) 	Elapsed: 0.467	Loglikelihood: -2.61428e+06	(delta): 1196.22
12 (QN/Block) 	Elapsed: 0.454	Loglikelihood: -2.61287e+06	(delta): 1404.16
13 (QN/Block) 	Elapsed: 0.508	Loglikelihood: -2.61221e+06	(delta): 666.125
14 (QN/Block) 	Elapsed: 0.47	Loglikelihood: -2.61189e+06	(delta): 313.784
15 (QN/Block) 	Elapsed: 0.498	Loglikelihood: -2.61176e+06	(delta): 129.877
16 (QN/Block) 	Elapsed: 0.463	Loglikelihood: -2.61147e+06	(delta): 296.105
17 (QN/Block) 	Elapsed: 0.472	Loglikelihood: -2.61129e+06	(delta): 181.201
18 (QN/Block) 	Elapsed: 0.523	Loglikelihood: -2.61087e+06	(delta): 421.118
19 (QN/Block) 	Elapsed: 0.471	Loglikelihood: -2.61063e+06	(delta): 232.781
20 (QN/Block) 	Elapsed: 0.485	Loglikelihood: -2.61053e+06	(delta): 98.9181
21 (QN/Block) 	Elapsed: 0.471	Loglikelihood: -2.61049e+06	(delta): 42.3184
22 (QN/Block) 	Elapsed: 0.524	Loglikelihood: -2.61045e+06	(delta): 40.0892
23 (QN/Block) 	Elapsed: 0.477	Loglikelihood: -2.61043e+06	(delta): 16.8337
24 (QN/Block) 	Elapsed: 0.464	Loglikelihood: -2.61042e+06	(delta): 17.5271
25 (QN/Block) 	Elapsed: 0.454	Loglikelihood: -2.6104e+06	(delta): 20.2473
26 (QN/Block) 	Elapsed: 0.45	Loglikelihood: -2.61035e+06	(delta): 46.3328
27 (QN/Block) 	Elapsed: 0.543	Loglikelihood: -2.61017e+06	(delta): 175.905
28 (QN/Block) 	Elapsed: 0.498	Loglikelihood: -2.61013e+06	(delta): 40.2667
29 (QN/Block) 	Elapsed: 0.478	Loglikelihood: -2.61013e+06	(delta): 2.92699
30 (QN/Block) 	Elapsed: 0.457	Loglikelihood: -2.61013e+06	(delta): 1.51497
31 (QN/Block) 	Elapsed: 0.526	Loglikelihood: -2.61013e+06	(delta): 1.53291
32 (QN/Block) 	Elapsed: 0.491	Loglikelihood: -2.61013e+06	(delta): 0.220336
33 (QN/Block) 	Elapsed: 0.482	Loglikelihood: -2.61013e+06	(delta): 0.250426
34 (QN/Block) 	Elapsed: 0.529	Loglikelihood: -2.61013e+06	(delta): 0.34786
35 (QN/Block) 	Elapsed: 0.455	Loglikelihood: -2.61013e+06	(delta): 0.508954
36 (QN/Block) 	Elapsed: 0.479	Loglikelihood: -2.61013e+06	(delta): 0.671944
37 (QN/Block) 	Elapsed: 0.446	Loglikelihood: -2.61013e+06	(delta): 0.85692
38 (QN/Block) 	Elapsed: 0.458	Loglikelihood: -2.61012e+06	(delta): 1.38384
39 (QN/Block) 	Elapsed: 0.459	Loglikelihood: -2.61012e+06	(delta): 1.61483
40 (QN/Block) 	Elapsed: 0.435	Loglikelihood: -2.61012e+06	(delta): 2.58969
41 (QN/Block) 	Elapsed: 0.499	Loglikelihood: -2.61012e+06	(delta): 2.49225
42 (QN/Block) 	Elapsed: 0.433	Loglikelihood: -2.61011e+06	(delta): 4.20625
43 (QN/Block) 	Elapsed: 0.542	Loglikelihood: -2.61011e+06	(delta): 5.88734
44 (QN/Block) 	Elapsed: 0.428	Loglikelihood: -2.6101e+06	(delta): 6.14615
45 (QN/Block) 	Elapsed: 0.46	Loglikelihood: -2.6101e+06	(delta): 5.13408
46 (QN/Block) 	Elapsed: 0.459	Loglikelihood: -2.61009e+06	(delta): 3.45017
47 (QN/Block) 	Elapsed: 0.427	Loglikelihood: -2.61009e+06	(delta): 2.81261
48 (QN/Block) 	Elapsed: 0.467	Loglikelihood: -2.61009e+06	(delta): 2.29625
49 (QN/Block) 	Elapsed: 0.439	Loglikelihood: -2.61008e+06	(delta): 2.25925
50 (QN/Block) 	Elapsed: 0.456	Loglikelihood: -2.61008e+06	(delta): 2.15611
51 (QN/Block) 	Elapsed: 0.437	Loglikelihood: -2.61008e+06	(delta): 1.64893
52 (QN/Block) 	Elapsed: 0.458	Loglikelihood: -2.61008e+06	(delta): 2.10858
53 (QN/Block) 	Elapsed: 0.449	Loglikelihood: -2.61008e+06	(delta): 1.78706
54 (QN/Block) 	Elapsed: 0.445	Loglikelihood: -2.61008e+06	(delta): 1.61458
55 (QN/Block) 	Elapsed: 0.461	Loglikelihood: -2.61007e+06	(delta): 1.6202
56 (QN/Block) 	Elapsed: 0.419	Loglikelihood: -2.61007e+06	(delta): 1.37936
57 (QN/Block) 	Elapsed: 0.45	Loglikelihood: -2.61007e+06	(delta): 1.13386
58 (QN/Block) 	Elapsed: 0.45	Loglikelihood: -2.61007e+06	(delta): 3.79094
59 (QN/Block) 	Elapsed: 0.442	Loglikelihood: -2.61007e+06	(delta): 1.58397
60 (QN/Block) 	Elapsed: 0.453	Loglikelihood: -2.61006e+06	(delta): 4.32604
61 (QN/Block) 	Elapsed: 0.416	Loglikelihood: -2.61006e+06	(delta): 0.691984
62 (QN/Block) 	Elapsed: 0.453	Loglikelihood: -2.61006e+06	(delta): 0.408154
63 (QN/Block) 	Elapsed: 0.464	Loglikelihood: -2.61006e+06	(delta): 0.260121
64 (QN/Block) 	Elapsed: 0.47	Loglikelihood: -2.61006e+06	(delta): 0.190904
65 (QN/Block) 	Elapsed: 0.443	Loglikelihood: -2.61006e+06	(delta): 0.160968
66 (QN/Block) 	Elapsed: 0.463	Loglikelihood: -2.61006e+06	(delta): 0.932294
67 (QN/Block) 	Elapsed: 0.45	Loglikelihood: -2.61006e+06	(delta): 2.04818
68 (QN/Block) 	Elapsed: 0.496	Loglikelihood: -2.61005e+06	(delta): 3.31341
69 (QN/Block) 	Elapsed: 0.466	Loglikelihood: -2.61005e+06	(delta): 0.706276
70 (QN/Block) 	Elapsed: 0.472	Loglikelihood: -2.61005e+06	(delta): 1.57951
71 (QN/Block) 	Elapsed: 0.501	Loglikelihood: -2.61005e+06	(delta): 2.75726
72 (QN/Block) 	Elapsed: 0.472	Loglikelihood: -2.61004e+06	(delta): 4.91629
73 (QN/Block) 	Elapsed: 0.47	Loglikelihood: -2.61004e+06	(delta): 3.53792
74 (QN/Block) 	Elapsed: 0.46	Loglikelihood: -2.61004e+06	(delta): 0.549588
75 (QN/Block) 	Elapsed: 0.446	Loglikelihood: -2.61004e+06	(delta): 0.303295
76 (QN/Block) 	Elapsed: 0.433	Loglikelihood: -2.61004e+06	(delta): 0.0481155
77 (QN/Block) 	Elapsed: 0.446	Loglikelihood: -2.61004e+06	(delta): 0.0235229
78 (QN/Block) 	Elapsed: 0.484	Loglikelihood: -2.61004e+06	(delta): 0.0129233
79 (QN/Block) 	Elapsed: 0.428	Loglikelihood: -2.61004e+06	(delta): 0.00434894
80 (QN/Block) 	Elapsed: 0.468	Loglikelihood: -2.61004e+06	(delta): 0.00105026
81 (QN/Block) 	Elapsed: 0.428	Loglikelihood: -2.61004e+06	(delta): 0.00100631
82 (QN/Block) 	Elapsed: 0.467	Loglikelihood: -2.61004e+06	(delta): 2.31755e-05
Summary: 
Converged in 82 iterations (39.456 sec)
Loglikelihood: -2610039.224950
Fst divergences between estimated populations: 
	Pop0	Pop1	Pop2	Pop3	Pop4	Pop5	Pop6	Pop7	Pop8	Pop9	Pop10	Pop11	Pop12	Pop13	Pop14	Pop15	Pop16	
Pop0	
Pop1	0.268	
Pop2	0.392	0.301	
Pop3	0.424	0.316	0.300	
Pop4	0.417	0.325	0.167	0.322	
Pop5	0.275	0.144	0.302	0.328	0.327	
Pop6	0.544	0.394	0.450	0.517	0.486	0.395	
Pop7	0.282	0.150	0.304	0.330	0.329	0.090	0.375	
Pop8	0.271	0.080	0.303	0.320	0.328	0.154	0.396	0.156	
Pop9	0.313	0.207	0.209	0.160	0.230	0.221	0.384	0.221	0.211	
Pop10	0.483	0.380	0.408	0.472	0.436	0.333	0.599	0.340	0.386	0.365	
Pop11	0.389	0.304	0.232	0.298	0.261	0.306	0.448	0.309	0.308	0.213	0.405	
Pop12	0.338	0.251	0.171	0.240	0.195	0.254	0.396	0.256	0.255	0.146	0.363	0.143	
Pop13	0.569	0.500	0.453	0.512	0.478	0.498	0.629	0.502	0.504	0.438	0.576	0.445	0.421	
Pop14	0.563	0.418	0.466	0.532	0.502	0.410	0.664	0.402	0.425	0.407	0.605	0.462	0.416	0.632	
Pop15	0.421	0.331	0.159	0.333	0.219	0.331	0.490	0.334	0.334	0.243	0.436	0.264	0.208	0.474	0.502	
Pop16	0.337	0.232	0.211	0.209	0.230	0.245	0.408	0.244	0.236	0.105	0.380	0.227	0.163	0.447	0.428	0.246	
Pop17	0.387	0.293	0.162	0.290	0.193	0.296	0.455	0.299	0.296	0.194	0.410	0.245	0.177	0.462	0.472	0.209	0.189	
CV error (K=18): 0.25877
Writing output files.
