****                   ADMIXTURE Version 1.4.0                  ****
****                    Copyright 2008-2025                     ****
****           David Alexander, Suyash Shringarpure,            ****
****                John Novembre, Ken Lange                    ****
****                                                            ****
****                 Please cite our paper!                     ****
****   Information at https://dalexander.github.io/admixture/   ****

Cross-validation will be performed.  Folds=10.
Parallel execution requested.  Will use 24 threads.
Random seed: 43
Point estimation method: Block relaxation algorithm
Convergence acceleration algorithm: QuasiNewton, 3 secant conditions
Point estimation will terminate when objective function delta < 0.0001
Estimation of standard errors disabled; will compute point estimates only.
Size of G: 137x88289
Performing five EM steps to prime main algorithm
1 (EM) 	Elapsed: 0.02	Loglikelihood: -4.34381e+06	(delta): 1.31839e+07
2 (EM) 	Elapsed: 0.018	Loglikelihood: -4.02539e+06	(delta): 318425
3 (EM) 	Elapsed: 0.019	Loglikelihood: -3.96853e+06	(delta): 56858.8
4 (EM) 	Elapsed: 0.02	Loglikelihood: -3.93301e+06	(delta): 35515.1
5 (EM) 	Elapsed: 0.021	Loglikelihood: -3.90396e+06	(delta): 29051.3
Initial loglikelihood: -3.90396e+06
Starting main algorithm
1 (QN/Block) 	Elapsed: 0.168	Loglikelihood: -3.25195e+06	(delta): 652011
2 (QN/Block) 	Elapsed: 0.161	Loglikelihood: -3.01765e+06	(delta): 234298
3 (QN/Block) 	Elapsed: 0.278	Loglikelihood: -2.88711e+06	(delta): 130541
4 (QN/Block) 	Elapsed: 0.211	Loglikelihood: -2.8074e+06	(delta): 79715.9
5 (QN/Block) 	Elapsed: 0.231	Loglikelihood: -2.77535e+06	(delta): 32043.5
6 (QN/Block) 	Elapsed: 0.199	Loglikelihood: -2.76079e+06	(delta): 14557.1
7 (QN/Block) 	Elapsed: 0.205	Loglikelihood: -2.75681e+06	(delta): 3981.15
8 (QN/Block) 	Elapsed: 0.199	Loglikelihood: -2.7556e+06	(delta): 1209.43
9 (QN/Block) 	Elapsed: 0.207	Loglikelihood: -2.75529e+06	(delta): 317.688
10 (QN/Block) 	Elapsed: 0.186	Loglikelihood: -2.75519e+06	(delta): 94.5649
11 (QN/Block) 	Elapsed: 0.183	Loglikelihood: -2.75517e+06	(delta): 21.9872
12 (QN/Block) 	Elapsed: 0.192	Loglikelihood: -2.75516e+06	(delta): 6.61914
13 (QN/Block) 	Elapsed: 0.207	Loglikelihood: -2.75516e+06	(delta): 1.98684
14 (QN/Block) 	Elapsed: 0.201	Loglikelihood: -2.75516e+06	(delta): 0.273871
15 (QN/Block) 	Elapsed: 0.196	Loglikelihood: -2.75516e+06	(delta): 0.0776896
16 (QN/Block) 	Elapsed: 0.194	Loglikelihood: -2.75516e+06	(delta): 0.0401015
17 (QN/Block) 	Elapsed: 0.212	Loglikelihood: -2.75516e+06	(delta): 0.00250476
18 (QN/Block) 	Elapsed: 0.209	Loglikelihood: -2.75516e+06	(delta): 0.000223987
19 (QN/Block) 	Elapsed: 0.174	Loglikelihood: -2.75516e+06	(delta): 3.89083e-05
Summary: 
Converged in 19 iterations (4.136 sec)
Loglikelihood: -2755160.626692
Fst divergences between estimated populations: 
	Pop0	Pop1	Pop2	Pop3	Pop4	Pop5	Pop6	Pop7	Pop8	Pop9	
Pop0	
Pop1	0.623	
Pop2	0.571	0.620	
Pop3	0.305	0.340	0.434	
Pop4	0.484	0.633	0.576	0.362	
Pop5	0.337	0.390	0.417	0.160	0.364	
Pop6	0.219	0.473	0.488	0.203	0.320	0.248	
Pop7	0.263	0.466	0.491	0.194	0.367	0.250	0.108	
Pop8	0.347	0.410	0.432	0.175	0.377	0.164	0.256	0.259	
Pop9	0.368	0.428	0.453	0.177	0.397	0.191	0.269	0.270	0.123	
Pop10	0.345	0.385	0.458	0.108	0.392	0.199	0.237	0.229	0.193	0.189	
CV error (K=11): 0.22499
Writing output files.
