****                   ADMIXTURE Version 1.4.0                  ****
****                    Copyright 2008-2025                     ****
****           David Alexander, Suyash Shringarpure,            ****
****                John Novembre, Ken Lange                    ****
****                                                            ****
****                 Please cite our paper!                     ****
****   Information at https://dalexander.github.io/admixture/   ****

Cross-validation will be performed.  Folds=10.
Parallel execution requested.  Will use 24 threads.
Random seed: 43
Point estimation method: Block relaxation algorithm
Convergence acceleration algorithm: QuasiNewton, 3 secant conditions
Point estimation will terminate when objective function delta < 0.0001
Estimation of standard errors disabled; will compute point estimates only.
Size of G: 137x88289
Performing five EM steps to prime main algorithm
1 (EM) 	Elapsed: 0.037	Loglikelihood: -4.32756e+06	(delta): 1.28776e+07
2 (EM) 	Elapsed: 0.035	Loglikelihood: -3.99868e+06	(delta): 328879
3 (EM) 	Elapsed: 0.028	Loglikelihood: -3.94242e+06	(delta): 56253.7
4 (EM) 	Elapsed: 0.033	Loglikelihood: -3.90758e+06	(delta): 34841.4
5 (EM) 	Elapsed: 0.036	Loglikelihood: -3.87878e+06	(delta): 28804.4
Initial loglikelihood: -3.87878e+06
Starting main algorithm
1 (QN/Block) 	Elapsed: 0.45	Loglikelihood: -3.08184e+06	(delta): 796941
2 (QN/Block) 	Elapsed: 0.434	Loglikelihood: -2.84337e+06	(delta): 238470
3 (QN/Block) 	Elapsed: 0.65	Loglikelihood: -2.72225e+06	(delta): 121117
4 (QN/Block) 	Elapsed: 0.511	Loglikelihood: -2.66722e+06	(delta): 55029.8
5 (QN/Block) 	Elapsed: 0.501	Loglikelihood: -2.63596e+06	(delta): 31259.6
6 (QN/Block) 	Elapsed: 0.518	Loglikelihood: -2.62154e+06	(delta): 14420.6
7 (QN/Block) 	Elapsed: 0.552	Loglikelihood: -2.61116e+06	(delta): 10381.4
8 (QN/Block) 	Elapsed: 0.513	Loglikelihood: -2.6063e+06	(delta): 4862.58
9 (QN/Block) 	Elapsed: 0.514	Loglikelihood: -2.60184e+06	(delta): 4450.43
10 (QN/Block) 	Elapsed: 0.519	Loglikelihood: -2.5999e+06	(delta): 1947.64
11 (QN/Block) 	Elapsed: 0.507	Loglikelihood: -2.59853e+06	(delta): 1370.88
12 (QN/Block) 	Elapsed: 0.51	Loglikelihood: -2.59746e+06	(delta): 1064.93
13 (QN/Block) 	Elapsed: 0.501	Loglikelihood: -2.59649e+06	(delta): 972.766
14 (QN/Block) 	Elapsed: 0.493	Loglikelihood: -2.59594e+06	(delta): 551.066
15 (QN/Block) 	Elapsed: 0.533	Loglikelihood: -2.59549e+06	(delta): 452.542
16 (QN/Block) 	Elapsed: 0.514	Loglikelihood: -2.59472e+06	(delta): 765.238
17 (QN/Block) 	Elapsed: 0.52	Loglikelihood: -2.59456e+06	(delta): 160.291
18 (QN/Block) 	Elapsed: 0.477	Loglikelihood: -2.59427e+06	(delta): 292.795
19 (QN/Block) 	Elapsed: 0.542	Loglikelihood: -2.59422e+06	(delta): 44.6466
20 (QN/Block) 	Elapsed: 0.485	Loglikelihood: -2.59419e+06	(delta): 36.5675
21 (QN/Block) 	Elapsed: 0.531	Loglikelihood: -2.59407e+06	(delta): 119.362
22 (QN/Block) 	Elapsed: 0.531	Loglikelihood: -2.59403e+06	(delta): 39.2836
23 (QN/Block) 	Elapsed: 0.568	Loglikelihood: -2.59402e+06	(delta): 2.68185
24 (QN/Block) 	Elapsed: 0.503	Loglikelihood: -2.59402e+06	(delta): 2.01716
25 (QN/Block) 	Elapsed: 0.505	Loglikelihood: -2.59402e+06	(delta): 1.04311
26 (QN/Block) 	Elapsed: 0.48	Loglikelihood: -2.59402e+06	(delta): 0.499062
27 (QN/Block) 	Elapsed: 0.511	Loglikelihood: -2.59402e+06	(delta): 0.2638
28 (QN/Block) 	Elapsed: 0.53	Loglikelihood: -2.59402e+06	(delta): 0.105997
29 (QN/Block) 	Elapsed: 0.528	Loglikelihood: -2.59402e+06	(delta): 0.0600657
30 (QN/Block) 	Elapsed: 0.49	Loglikelihood: -2.59402e+06	(delta): 0.0390719
31 (QN/Block) 	Elapsed: 0.636	Loglikelihood: -2.59402e+06	(delta): 0.0139832
32 (QN/Block) 	Elapsed: 0.546	Loglikelihood: -2.59402e+06	(delta): 0.0138194
33 (QN/Block) 	Elapsed: 0.552	Loglikelihood: -2.59402e+06	(delta): 0.0152157
34 (QN/Block) 	Elapsed: 0.523	Loglikelihood: -2.59402e+06	(delta): 0.0161489
35 (QN/Block) 	Elapsed: 0.603	Loglikelihood: -2.59402e+06	(delta): 0.0151747
36 (QN/Block) 	Elapsed: 0.58	Loglikelihood: -2.59402e+06	(delta): 0.0145592
37 (QN/Block) 	Elapsed: 0.549	Loglikelihood: -2.59402e+06	(delta): 0.0143961
38 (QN/Block) 	Elapsed: 0.505	Loglikelihood: -2.59402e+06	(delta): 0.0762257
39 (QN/Block) 	Elapsed: 0.556	Loglikelihood: -2.59402e+06	(delta): 0.110315
40 (QN/Block) 	Elapsed: 0.56	Loglikelihood: -2.59402e+06	(delta): 0.103615
41 (QN/Block) 	Elapsed: 0.527	Loglikelihood: -2.59402e+06	(delta): 0.0262646
42 (QN/Block) 	Elapsed: 0.517	Loglikelihood: -2.59402e+06	(delta): 0.028145
43 (QN/Block) 	Elapsed: 0.551	Loglikelihood: -2.59402e+06	(delta): 0.0298371
44 (QN/Block) 	Elapsed: 0.557	Loglikelihood: -2.59402e+06	(delta): 0.032425
45 (QN/Block) 	Elapsed: 0.529	Loglikelihood: -2.59402e+06	(delta): 0.0363839
46 (QN/Block) 	Elapsed: 0.523	Loglikelihood: -2.59402e+06	(delta): 0.0431176
47 (QN/Block) 	Elapsed: 0.555	Loglikelihood: -2.59402e+06	(delta): 0.0499726
48 (QN/Block) 	Elapsed: 0.537	Loglikelihood: -2.59402e+06	(delta): 0.0566588
49 (QN/Block) 	Elapsed: 0.536	Loglikelihood: -2.59402e+06	(delta): 0.0645993
50 (QN/Block) 	Elapsed: 0.537	Loglikelihood: -2.59402e+06	(delta): 0.0737048
51 (QN/Block) 	Elapsed: 0.552	Loglikelihood: -2.59402e+06	(delta): 0.0839311
52 (QN/Block) 	Elapsed: 0.535	Loglikelihood: -2.59402e+06	(delta): 0.0965607
53 (QN/Block) 	Elapsed: 0.528	Loglikelihood: -2.59402e+06	(delta): 0.129797
54 (QN/Block) 	Elapsed: 0.52	Loglikelihood: -2.59402e+06	(delta): 0.236905
55 (QN/Block) 	Elapsed: 0.574	Loglikelihood: -2.59402e+06	(delta): 0.214
56 (QN/Block) 	Elapsed: 0.529	Loglikelihood: -2.59402e+06	(delta): 0.388521
57 (QN/Block) 	Elapsed: 0.509	Loglikelihood: -2.59402e+06	(delta): 0.35369
58 (QN/Block) 	Elapsed: 0.504	Loglikelihood: -2.59402e+06	(delta): 0.987091
59 (QN/Block) 	Elapsed: 0.527	Loglikelihood: -2.59402e+06	(delta): 1.79945
60 (QN/Block) 	Elapsed: 0.533	Loglikelihood: -2.59401e+06	(delta): 0.437522
61 (QN/Block) 	Elapsed: 0.487	Loglikelihood: -2.59401e+06	(delta): 0.305325
62 (QN/Block) 	Elapsed: 0.495	Loglikelihood: -2.59401e+06	(delta): 0.702801
63 (QN/Block) 	Elapsed: 0.488	Loglikelihood: -2.59401e+06	(delta): 6.42869
64 (QN/Block) 	Elapsed: 0.536	Loglikelihood: -2.59399e+06	(delta): 18.1565
65 (QN/Block) 	Elapsed: 0.529	Loglikelihood: -2.59396e+06	(delta): 27.6378
66 (QN/Block) 	Elapsed: 0.527	Loglikelihood: -2.59395e+06	(delta): 12.8932
67 (QN/Block) 	Elapsed: 0.471	Loglikelihood: -2.59394e+06	(delta): 11.0687
68 (QN/Block) 	Elapsed: 0.507	Loglikelihood: -2.59392e+06	(delta): 19.6959
69 (QN/Block) 	Elapsed: 0.504	Loglikelihood: -2.5939e+06	(delta): 17.9465
70 (QN/Block) 	Elapsed: 0.464	Loglikelihood: -2.59388e+06	(delta): 22.323
71 (QN/Block) 	Elapsed: 0.5	Loglikelihood: -2.59387e+06	(delta): 9.46697
72 (QN/Block) 	Elapsed: 0.478	Loglikelihood: -2.59386e+06	(delta): 5.12273
73 (QN/Block) 	Elapsed: 0.533	Loglikelihood: -2.59386e+06	(delta): 3.24076
74 (QN/Block) 	Elapsed: 0.523	Loglikelihood: -2.59386e+06	(delta): 0.271224
75 (QN/Block) 	Elapsed: 0.516	Loglikelihood: -2.59386e+06	(delta): 0.0183937
76 (QN/Block) 	Elapsed: 0.503	Loglikelihood: -2.59386e+06	(delta): 0.0198086
77 (QN/Block) 	Elapsed: 0.494	Loglikelihood: -2.59386e+06	(delta): 0.00748999
78 (QN/Block) 	Elapsed: 0.484	Loglikelihood: -2.59386e+06	(delta): 0.00369779
79 (QN/Block) 	Elapsed: 0.462	Loglikelihood: -2.59386e+06	(delta): 0.0011977
80 (QN/Block) 	Elapsed: 0.489	Loglikelihood: -2.59386e+06	(delta): 0.000789807
81 (QN/Block) 	Elapsed: 0.478	Loglikelihood: -2.59386e+06	(delta): 0.000289205
82 (QN/Block) 	Elapsed: 0.497	Loglikelihood: -2.59386e+06	(delta): 0.000161783
83 (QN/Block) 	Elapsed: 0.464	Loglikelihood: -2.59386e+06	(delta): 5.17382e-05
Summary: 
Converged in 83 iterations (44.289 sec)
Loglikelihood: -2593859.368883
Fst divergences between estimated populations: 
	Pop0	Pop1	Pop2	Pop3	Pop4	Pop5	Pop6	Pop7	Pop8	Pop9	Pop10	Pop11	Pop12	Pop13	Pop14	Pop15	Pop16	Pop17	
Pop0	
Pop1	0.688	
Pop2	0.415	0.429	
Pop3	0.403	0.425	0.235	
Pop4	0.634	0.634	0.447	0.501	
Pop5	0.434	0.448	0.177	0.277	0.444	
Pop6	0.605	0.613	0.281	0.396	0.553	0.326	
Pop7	0.462	0.474	0.190	0.296	0.462	0.159	0.351	
Pop8	0.738	0.741	0.373	0.484	0.620	0.412	0.532	0.442	
Pop9	0.399	0.424	0.232	0.083	0.500	0.272	0.394	0.292	0.480	
Pop10	0.414	0.440	0.243	0.082	0.510	0.288	0.403	0.305	0.495	0.100	
Pop11	0.399	0.415	0.108	0.214	0.443	0.177	0.249	0.201	0.341	0.212	0.223	
Pop12	0.405	0.435	0.260	0.171	0.514	0.293	0.424	0.314	0.514	0.171	0.196	0.242	
Pop13	0.475	0.449	0.267	0.178	0.512	0.298	0.422	0.318	0.512	0.181	0.200	0.248	0.149	
Pop14	0.416	0.428	0.192	0.271	0.423	0.168	0.314	0.212	0.401	0.270	0.281	0.183	0.289	0.291	
Pop15	0.518	0.526	0.254	0.349	0.493	0.199	0.407	0.213	0.493	0.346	0.360	0.260	0.367	0.370	0.249	
Pop16	0.601	0.613	0.380	0.382	0.576	0.387	0.540	0.410	0.633	0.378	0.399	0.371	0.363	0.358	0.373	0.458	
Pop17	0.388	0.420	0.252	0.150	0.507	0.286	0.416	0.306	0.501	0.152	0.172	0.235	0.142	0.145	0.282	0.358	0.357	
Pop18	0.447	0.456	0.205	0.293	0.445	0.156	0.349	0.159	0.434	0.290	0.303	0.208	0.310	0.312	0.194	0.195	0.397	0.301	
CV error (K=19): 0.25664
Writing output files.
