****                   ADMIXTURE Version 1.4.0                  ****
****                    Copyright 2008-2025                     ****
****           David Alexander, Suyash Shringarpure,            ****
****                John Novembre, Ken Lange                    ****
****                                                            ****
****                 Please cite our paper!                     ****
****   Information at https://dalexander.github.io/admixture/   ****

Cross-validation will be performed.  Folds=10.
Parallel execution requested.  Will use 24 threads.
Random seed: 43
Point estimation method: Block relaxation algorithm
Convergence acceleration algorithm: QuasiNewton, 3 secant conditions
Point estimation will terminate when objective function delta < 0.0001
Estimation of standard errors disabled; will compute point estimates only.
Size of G: 137x88289
Performing five EM steps to prime main algorithm
1 (EM) 	Elapsed: 0.016	Loglikelihood: -4.3484e+06	(delta): 1.34746e+07
2 (EM) 	Elapsed: 0.009	Loglikelihood: -4.04197e+06	(delta): 306436
3 (EM) 	Elapsed: 0.009	Loglikelihood: -3.9857e+06	(delta): 56265.7
4 (EM) 	Elapsed: 0.009	Loglikelihood: -3.9509e+06	(delta): 34800
5 (EM) 	Elapsed: 0.012	Loglikelihood: -3.92326e+06	(delta): 27640.6
Initial loglikelihood: -3.92326e+06
Starting main algorithm
1 (QN/Block) 	Elapsed: 0.084	Loglikelihood: -3.29663e+06	(delta): 626624
2 (QN/Block) 	Elapsed: 0.095	Loglikelihood: -3.12858e+06	(delta): 168059
3 (QN/Block) 	Elapsed: 0.161	Loglikelihood: -3.06371e+06	(delta): 64861.4
4 (QN/Block) 	Elapsed: 0.133	Loglikelihood: -3.0203e+06	(delta): 43413.5
5 (QN/Block) 	Elapsed: 0.149	Loglikelihood: -2.98566e+06	(delta): 34643.4
6 (QN/Block) 	Elapsed: 0.146	Loglikelihood: -2.96804e+06	(delta): 17615.3
7 (QN/Block) 	Elapsed: 0.144	Loglikelihood: -2.96157e+06	(delta): 6467.76
8 (QN/Block) 	Elapsed: 0.149	Loglikelihood: -2.95951e+06	(delta): 2063.07
9 (QN/Block) 	Elapsed: 0.152	Loglikelihood: -2.95873e+06	(delta): 783.84
10 (QN/Block) 	Elapsed: 0.126	Loglikelihood: -2.95846e+06	(delta): 263.86
11 (QN/Block) 	Elapsed: 0.128	Loglikelihood: -2.95836e+06	(delta): 106.43
12 (QN/Block) 	Elapsed: 0.129	Loglikelihood: -2.9583e+06	(delta): 55.6763
13 (QN/Block) 	Elapsed: 0.163	Loglikelihood: -2.95828e+06	(delta): 17.9206
14 (QN/Block) 	Elapsed: 0.173	Loglikelihood: -2.95817e+06	(delta): 113.373
15 (QN/Block) 	Elapsed: 0.152	Loglikelihood: -2.95811e+06	(delta): 58.8473
16 (QN/Block) 	Elapsed: 0.16	Loglikelihood: -2.95802e+06	(delta): 93.8405
17 (QN/Block) 	Elapsed: 0.162	Loglikelihood: -2.95798e+06	(delta): 40.3586
18 (QN/Block) 	Elapsed: 0.161	Loglikelihood: -2.95794e+06	(delta): 38.7819
19 (QN/Block) 	Elapsed: 0.161	Loglikelihood: -2.95789e+06	(delta): 48.117
20 (QN/Block) 	Elapsed: 0.129	Loglikelihood: -2.95784e+06	(delta): 52.2496
21 (QN/Block) 	Elapsed: 0.11	Loglikelihood: -2.95778e+06	(delta): 57.5894
22 (QN/Block) 	Elapsed: 0.123	Loglikelihood: -2.95773e+06	(delta): 47.5159
23 (QN/Block) 	Elapsed: 0.133	Loglikelihood: -2.95771e+06	(delta): 22.8175
24 (QN/Block) 	Elapsed: 0.13	Loglikelihood: -2.9577e+06	(delta): 5.06664
25 (QN/Block) 	Elapsed: 0.133	Loglikelihood: -2.9577e+06	(delta): 1.04421
26 (QN/Block) 	Elapsed: 0.135	Loglikelihood: -2.9577e+06	(delta): 0.22289
27 (QN/Block) 	Elapsed: 0.134	Loglikelihood: -2.9577e+06	(delta): 0.00494138
28 (QN/Block) 	Elapsed: 0.136	Loglikelihood: -2.9577e+06	(delta): 7.50092e-05
Summary: 
Converged in 28 iterations (4.177 sec)
Loglikelihood: -2957703.349415
Fst divergences between estimated populations: 
	Pop0	Pop1	Pop2	Pop3	Pop4	Pop5	Pop6	
Pop0	
Pop1	0.375	
Pop2	0.497	0.577	
Pop3	0.187	0.336	0.414	
Pop4	0.117	0.320	0.489	0.186	
Pop5	0.243	0.352	0.415	0.128	0.233	
Pop6	0.272	0.484	0.572	0.283	0.220	0.321	
Pop7	0.072	0.376	0.499	0.189	0.124	0.244	0.279	
CV error (K=8): 0.21786
Writing output files.
