****                   ADMIXTURE Version 1.4.0                  ****
****                    Copyright 2008-2025                     ****
****           David Alexander, Suyash Shringarpure,            ****
****                John Novembre, Ken Lange                    ****
****                                                            ****
****                 Please cite our paper!                     ****
****   Information at https://dalexander.github.io/admixture/   ****

Cross-validation will be performed.  Folds=10.
Parallel execution requested.  Will use 24 threads.
Random seed: 43
Point estimation method: Block relaxation algorithm
Convergence acceleration algorithm: QuasiNewton, 3 secant conditions
Point estimation will terminate when objective function delta < 0.0001
Estimation of standard errors disabled; will compute point estimates only.
Size of G: 137x88289
Performing five EM steps to prime main algorithm
1 (EM) 	Elapsed: 0.04	Loglikelihood: -4.33896e+06	(delta): 1.30668e+07
2 (EM) 	Elapsed: 0.026	Loglikelihood: -4.01685e+06	(delta): 322106
3 (EM) 	Elapsed: 0.02	Loglikelihood: -3.96012e+06	(delta): 56731.4
4 (EM) 	Elapsed: 0.022	Loglikelihood: -3.92489e+06	(delta): 35234.4
5 (EM) 	Elapsed: 0.022	Loglikelihood: -3.89623e+06	(delta): 28660.8
Initial loglikelihood: -3.89623e+06
Starting main algorithm
1 (QN/Block) 	Elapsed: 0.212	Loglikelihood: -3.17533e+06	(delta): 720893
2 (QN/Block) 	Elapsed: 0.207	Loglikelihood: -2.94968e+06	(delta): 225658
3 (QN/Block) 	Elapsed: 0.327	Loglikelihood: -2.79486e+06	(delta): 154811
4 (QN/Block) 	Elapsed: 0.291	Loglikelihood: -2.72676e+06	(delta): 68102.9
5 (QN/Block) 	Elapsed: 0.266	Loglikelihood: -2.69725e+06	(delta): 29516.5
6 (QN/Block) 	Elapsed: 0.279	Loglikelihood: -2.68545e+06	(delta): 11793.8
7 (QN/Block) 	Elapsed: 0.28	Loglikelihood: -2.68175e+06	(delta): 3697.04
8 (QN/Block) 	Elapsed: 0.271	Loglikelihood: -2.68036e+06	(delta): 1398.55
9 (QN/Block) 	Elapsed: 0.249	Loglikelihood: -2.67973e+06	(delta): 621.52
10 (QN/Block) 	Elapsed: 0.27	Loglikelihood: -2.67949e+06	(delta): 244.753
11 (QN/Block) 	Elapsed: 0.312	Loglikelihood: -2.67925e+06	(delta): 241.233
12 (QN/Block) 	Elapsed: 0.286	Loglikelihood: -2.67916e+06	(delta): 88.0865
13 (QN/Block) 	Elapsed: 0.259	Loglikelihood: -2.67915e+06	(delta): 10.9263
14 (QN/Block) 	Elapsed: 0.3	Loglikelihood: -2.67914e+06	(delta): 4.6316
15 (QN/Block) 	Elapsed: 0.279	Loglikelihood: -2.67914e+06	(delta): 3.26353
16 (QN/Block) 	Elapsed: 0.271	Loglikelihood: -2.67914e+06	(delta): 4.46925
17 (QN/Block) 	Elapsed: 0.328	Loglikelihood: -2.67913e+06	(delta): 6.14461
18 (QN/Block) 	Elapsed: 0.297	Loglikelihood: -2.67912e+06	(delta): 8.4131
19 (QN/Block) 	Elapsed: 0.292	Loglikelihood: -2.67912e+06	(delta): 5.86986
20 (QN/Block) 	Elapsed: 0.313	Loglikelihood: -2.67912e+06	(delta): 1.23722
21 (QN/Block) 	Elapsed: 0.273	Loglikelihood: -2.67912e+06	(delta): 0.167
22 (QN/Block) 	Elapsed: 0.242	Loglikelihood: -2.67912e+06	(delta): 0.0351899
23 (QN/Block) 	Elapsed: 0.26	Loglikelihood: -2.67912e+06	(delta): 0.000762093
24 (QN/Block) 	Elapsed: 0.252	Loglikelihood: -2.67912e+06	(delta): 0.000233459
25 (QN/Block) 	Elapsed: 0.255	Loglikelihood: -2.67912e+06	(delta): 4.22462e-05
Summary: 
Converged in 25 iterations (7.3 sec)
Loglikelihood: -2679115.155663
Fst divergences between estimated populations: 
	Pop0	Pop1	Pop2	Pop3	Pop4	Pop5	Pop6	Pop7	Pop8	Pop9	Pop10	Pop11	
Pop0	
Pop1	0.381	
Pop2	0.282	0.263	
Pop3	0.410	0.484	0.366	
Pop4	0.462	0.571	0.491	0.576	
Pop5	0.160	0.370	0.280	0.396	0.445	
Pop6	0.339	0.505	0.382	0.530	0.546	0.339	
Pop7	0.203	0.348	0.232	0.395	0.460	0.220	0.294	
Pop8	0.200	0.316	0.201	0.374	0.443	0.209	0.286	0.121	
Pop9	0.281	0.219	0.108	0.320	0.488	0.277	0.388	0.240	0.210	
Pop10	0.205	0.341	0.253	0.367	0.419	0.188	0.294	0.206	0.177	0.253	
Pop11	0.161	0.377	0.284	0.406	0.457	0.142	0.341	0.215	0.207	0.282	0.197	
Pop12	0.442	0.623	0.466	0.633	0.620	0.434	0.549	0.388	0.343	0.473	0.395	0.436	
CV error (K=13): 0.23083
Writing output files.
