****                   ADMIXTURE Version 1.4.0                  ****
****                    Copyright 2008-2025                     ****
****           David Alexander, Suyash Shringarpure,            ****
****                John Novembre, Ken Lange                    ****
****                                                            ****
****                 Please cite our paper!                     ****
****   Information at https://dalexander.github.io/admixture/   ****

Cross-validation will be performed.  Folds=10.
Parallel execution requested.  Will use 24 threads.
Random seed: 43
Point estimation method: Block relaxation algorithm
Convergence acceleration algorithm: QuasiNewton, 3 secant conditions
Point estimation will terminate when objective function delta < 0.0001
Estimation of standard errors disabled; will compute point estimates only.
Size of G: 137x88289
Performing five EM steps to prime main algorithm
1 (EM) 	Elapsed: 0.016	Loglikelihood: -4.34977e+06	(delta): 1.37878e+07
2 (EM) 	Elapsed: 0.015	Loglikelihood: -4.05394e+06	(delta): 295822
3 (EM) 	Elapsed: 0.013	Loglikelihood: -3.9979e+06	(delta): 56040.2
4 (EM) 	Elapsed: 0.013	Loglikelihood: -3.96391e+06	(delta): 33996.1
5 (EM) 	Elapsed: 0.023	Loglikelihood: -3.93815e+06	(delta): 25754.3
Initial loglikelihood: -3.93815e+06
Starting main algorithm
1 (QN/Block) 	Elapsed: 0.084	Loglikelihood: -3.39873e+06	(delta): 539427
2 (QN/Block) 	Elapsed: 0.082	Loglikelihood: -3.22203e+06	(delta): 176697
3 (QN/Block) 	Elapsed: 0.14	Loglikelihood: -3.14494e+06	(delta): 77094
4 (QN/Block) 	Elapsed: 0.104	Loglikelihood: -3.08254e+06	(delta): 62393.3
5 (QN/Block) 	Elapsed: 0.112	Loglikelihood: -3.04619e+06	(delta): 36348.5
6 (QN/Block) 	Elapsed: 0.094	Loglikelihood: -3.03546e+06	(delta): 10730
7 (QN/Block) 	Elapsed: 0.087	Loglikelihood: -3.0319e+06	(delta): 3560.69
8 (QN/Block) 	Elapsed: 0.09	Loglikelihood: -3.02982e+06	(delta): 2080.96
9 (QN/Block) 	Elapsed: 0.1	Loglikelihood: -3.02918e+06	(delta): 640.212
10 (QN/Block) 	Elapsed: 0.098	Loglikelihood: -3.02897e+06	(delta): 208.384
11 (QN/Block) 	Elapsed: 0.096	Loglikelihood: -3.0289e+06	(delta): 74.1814
12 (QN/Block) 	Elapsed: 0.1	Loglikelihood: -3.02888e+06	(delta): 24.8007
13 (QN/Block) 	Elapsed: 0.114	Loglikelihood: -3.02889e+06	(delta): -16.115
14 (QN/Block) 	Elapsed: 0.101	Loglikelihood: -3.02887e+06	(delta): 23.4998
15 (QN/Block) 	Elapsed: 0.101	Loglikelihood: -3.02885e+06	(delta): 17.4639
16 (QN/Block) 	Elapsed: 0.104	Loglikelihood: -3.02885e+06	(delta): 0.632106
17 (QN/Block) 	Elapsed: 0.096	Loglikelihood: -3.02885e+06	(delta): 0.0768975
18 (QN/Block) 	Elapsed: 0.138	Loglikelihood: -3.02885e+06	(delta): 0.112681
19 (QN/Block) 	Elapsed: 0.081	Loglikelihood: -3.02885e+06	(delta): 0.0255884
20 (QN/Block) 	Elapsed: 0.074	Loglikelihood: -3.02885e+06	(delta): 0.0141485
21 (QN/Block) 	Elapsed: 0.09	Loglikelihood: -3.02885e+06	(delta): 0.0108563
22 (QN/Block) 	Elapsed: 0.095	Loglikelihood: -3.02885e+06	(delta): 0.00802285
23 (QN/Block) 	Elapsed: 0.093	Loglikelihood: -3.02885e+06	(delta): 0.00785366
24 (QN/Block) 	Elapsed: 0.089	Loglikelihood: -3.02885e+06	(delta): 0.00075066
25 (QN/Block) 	Elapsed: 0.088	Loglikelihood: -3.02885e+06	(delta): 0.000208528
26 (QN/Block) 	Elapsed: 0.095	Loglikelihood: -3.02885e+06	(delta): 0.000158416
27 (QN/Block) 	Elapsed: 0.1	Loglikelihood: -3.02885e+06	(delta): 0.000180212
28 (QN/Block) 	Elapsed: 0.103	Loglikelihood: -3.02885e+06	(delta): 3.4437e-05
Summary: 
Converged in 28 iterations (3.063 sec)
Loglikelihood: -3028849.600618
Fst divergences between estimated populations: 
	Pop0	Pop1	Pop2	Pop3	Pop4	
Pop0	
Pop1	0.298	
Pop2	0.181	0.303	
Pop3	0.220	0.334	0.283	
Pop4	0.293	0.408	0.254	0.351	
Pop5	0.135	0.315	0.238	0.209	0.328	
CV error (K=6): 0.20517
Writing output files.
