****                   ADMIXTURE Version 1.4.0                  ****
****                    Copyright 2008-2025                     ****
****           David Alexander, Suyash Shringarpure,            ****
****                John Novembre, Ken Lange                    ****
****                                                            ****
****                 Please cite our paper!                     ****
****   Information at https://dalexander.github.io/admixture/   ****

Cross-validation will be performed.  Folds=10.
Parallel execution requested.  Will use 24 threads.
Random seed: 43
Point estimation method: Block relaxation algorithm
Convergence acceleration algorithm: QuasiNewton, 3 secant conditions
Point estimation will terminate when objective function delta < 0.0001
Estimation of standard errors disabled; will compute point estimates only.
Size of G: 137x88289
Performing five EM steps to prime main algorithm
1 (EM) 	Elapsed: 0.035	Loglikelihood: -4.32386e+06	(delta): 1.28545e+07
2 (EM) 	Elapsed: 0.034	Loglikelihood: -3.9946e+06	(delta): 329261
3 (EM) 	Elapsed: 0.031	Loglikelihood: -3.93643e+06	(delta): 58171.4
4 (EM) 	Elapsed: 0.03	Loglikelihood: -3.89862e+06	(delta): 37808.7
5 (EM) 	Elapsed: 0.031	Loglikelihood: -3.86619e+06	(delta): 32423.5
Initial loglikelihood: -3.86619e+06
Starting main algorithm
1 (QN/Block) 	Elapsed: 0.477	Loglikelihood: -3.05672e+06	(delta): 809472
2 (QN/Block) 	Elapsed: 0.473	Loglikelihood: -2.8103e+06	(delta): 246418
3 (QN/Block) 	Elapsed: 0.673	Loglikelihood: -2.68903e+06	(delta): 121275
4 (QN/Block) 	Elapsed: 0.565	Loglikelihood: -2.60764e+06	(delta): 81393.3
5 (QN/Block) 	Elapsed: 0.556	Loglikelihood: -2.57056e+06	(delta): 37077.5
6 (QN/Block) 	Elapsed: 0.559	Loglikelihood: -2.55868e+06	(delta): 11873.1
7 (QN/Block) 	Elapsed: 0.606	Loglikelihood: -2.55366e+06	(delta): 5022.74
8 (QN/Block) 	Elapsed: 0.553	Loglikelihood: -2.55168e+06	(delta): 1985.15
9 (QN/Block) 	Elapsed: 0.539	Loglikelihood: -2.5507e+06	(delta): 975.33
10 (QN/Block) 	Elapsed: 0.571	Loglikelihood: -2.54938e+06	(delta): 1319.26
11 (QN/Block) 	Elapsed: 0.649	Loglikelihood: -2.54713e+06	(delta): 2255
12 (QN/Block) 	Elapsed: 0.561	Loglikelihood: -2.54667e+06	(delta): 456.421
13 (QN/Block) 	Elapsed: 0.528	Loglikelihood: -2.54645e+06	(delta): 217.61
14 (QN/Block) 	Elapsed: 0.596	Loglikelihood: -2.54592e+06	(delta): 537.42
15 (QN/Block) 	Elapsed: 0.634	Loglikelihood: -2.54525e+06	(delta): 665.642
16 (QN/Block) 	Elapsed: 0.561	Loglikelihood: -2.54498e+06	(delta): 268.445
17 (QN/Block) 	Elapsed: 0.558	Loglikelihood: -2.54489e+06	(delta): 90.0446
18 (QN/Block) 	Elapsed: 0.56	Loglikelihood: -2.54474e+06	(delta): 149.313
19 (QN/Block) 	Elapsed: 0.62	Loglikelihood: -2.54464e+06	(delta): 105.65
20 (QN/Block) 	Elapsed: 0.545	Loglikelihood: -2.54462e+06	(delta): 17.7903
21 (QN/Block) 	Elapsed: 0.547	Loglikelihood: -2.5446e+06	(delta): 20.4316
22 (QN/Block) 	Elapsed: 0.534	Loglikelihood: -2.54458e+06	(delta): 20.8188
23 (QN/Block) 	Elapsed: 0.588	Loglikelihood: -2.54456e+06	(delta): 18.7665
24 (QN/Block) 	Elapsed: 0.59	Loglikelihood: -2.54455e+06	(delta): 7.25139
25 (QN/Block) 	Elapsed: 0.563	Loglikelihood: -2.54455e+06	(delta): 1.719
26 (QN/Block) 	Elapsed: 0.539	Loglikelihood: -2.54455e+06	(delta): 0.291372
27 (QN/Block) 	Elapsed: 0.613	Loglikelihood: -2.54455e+06	(delta): 1.96574
28 (QN/Block) 	Elapsed: 0.508	Loglikelihood: -2.54454e+06	(delta): 3.17038
29 (QN/Block) 	Elapsed: 0.58	Loglikelihood: -2.54422e+06	(delta): 321.352
30 (QN/Block) 	Elapsed: 0.522	Loglikelihood: -2.54415e+06	(delta): 76.1059
31 (QN/Block) 	Elapsed: 0.606	Loglikelihood: -2.54414e+06	(delta): 9.59591
32 (QN/Block) 	Elapsed: 0.562	Loglikelihood: -2.54414e+06	(delta): 1.51741
33 (QN/Block) 	Elapsed: 0.534	Loglikelihood: -2.54414e+06	(delta): 0.0646062
34 (QN/Block) 	Elapsed: 0.523	Loglikelihood: -2.54414e+06	(delta): 0.00809327
35 (QN/Block) 	Elapsed: 0.563	Loglikelihood: -2.54414e+06	(delta): 0.000481141
36 (QN/Block) 	Elapsed: 0.526	Loglikelihood: -2.54414e+06	(delta): 0.000209571
37 (QN/Block) 	Elapsed: 0.547	Loglikelihood: -2.54414e+06	(delta): 1.08471e-05
Summary: 
Converged in 37 iterations (21.496 sec)
Loglikelihood: -2544135.524334
Fst divergences between estimated populations: 
	Pop0	Pop1	Pop2	Pop3	Pop4	Pop5	Pop6	Pop7	Pop8	Pop9	Pop10	Pop11	Pop12	Pop13	Pop14	Pop15	Pop16	Pop17	Pop18	
Pop0	
Pop1	0.211	
Pop2	0.434	0.476	
Pop3	0.414	0.456	0.673	
Pop4	0.225	0.177	0.495	0.477	
Pop5	0.264	0.298	0.403	0.365	0.319	
Pop6	0.165	0.247	0.466	0.449	0.254	0.309	
Pop7	0.148	0.201	0.414	0.395	0.227	0.223	0.222	
Pop8	0.256	0.292	0.410	0.393	0.315	0.144	0.303	0.208	
Pop9	0.296	0.355	0.617	0.609	0.380	0.406	0.356	0.250	0.392	
Pop10	0.275	0.308	0.434	0.441	0.331	0.113	0.318	0.239	0.153	0.417	
Pop11	0.387	0.443	0.734	0.737	0.463	0.492	0.438	0.342	0.477	0.537	0.499	
Pop12	0.151	0.168	0.435	0.414	0.172	0.264	0.186	0.162	0.260	0.313	0.276	0.397	
Pop13	0.304	0.349	0.622	0.613	0.373	0.415	0.343	0.289	0.402	0.458	0.425	0.564	0.311	
Pop14	0.276	0.309	0.416	0.380	0.331	0.112	0.319	0.238	0.158	0.419	0.115	0.508	0.276	0.428	
Pop15	0.210	0.172	0.468	0.451	0.179	0.303	0.237	0.219	0.299	0.361	0.313	0.443	0.174	0.357	0.315	
Pop16	0.380	0.411	0.609	0.599	0.429	0.338	0.406	0.371	0.378	0.545	0.349	0.633	0.376	0.543	0.355	0.406	
Pop17	0.190	0.205	0.449	0.432	0.238	0.258	0.252	0.124	0.244	0.300	0.273	0.390	0.183	0.306	0.274	0.233	0.397	
Pop18	0.435	0.462	0.635	0.629	0.473	0.500	0.446	0.443	0.498	0.555	0.506	0.620	0.436	0.555	0.509	0.451	0.576	0.461	
Pop19	0.258	0.292	0.417	0.397	0.316	0.146	0.305	0.211	0.075	0.395	0.158	0.480	0.261	0.405	0.165	0.300	0.378	0.247	0.500	
CV error (K=20): 0.26157
Writing output files.
