beagle.27Jan18.7e1.jar (version 4.1)
Copyright (C) 2014-2015 Brian L. Browning
Enter "java -jar beagle.27Jan18.7e1.jar" for a summary of command line arguments.
Start time: 06:08 PM UTC on 13 May 2026

Command line: java -Xmx21845m -jar beagle.jar
  gtgl=/storage1/fs1/christine.e.edwards/Active/Wen/IMLS_Illumina/Broussonetia/Broussonetia_RADseq.10_missing60_mac1_site_missing20_ID_chrnum.vcf.gz
  out=/storage1/fs1/christine.e.edwards/Active/Wen/IMLS_Illumina/Broussonetia/beagle_out/Broussonetia_RADseq.10_missing60_mac1_site_missing20_ID_chrnum.chr1.beagle4.1
  nthreads=8

No genetic map is specified: using 1 cM = 1 Mb

reference samples:       0
target samples:        137

Window 1 [ 1:121360-45695345 ]
target markers:      10877

Starting burn-in iterations

Window=1 Iteration=1
Time for building model:         2 seconds
Time for sampling (singles):     1 second
DAG statistics
mean edges/level: 13     max edges/level: 27
mean edges/node:  1.327  mean count/edge: 21

Window=1 Iteration=2
Time for building model:         2 seconds
Time for sampling (singles):     1 second
DAG statistics
mean edges/level: 15     max edges/level: 33
mean edges/node:  1.261  mean count/edge: 18

Window=1 Iteration=3
Time for building model:         2 seconds
Time for sampling (singles):     0 seconds
DAG statistics
mean edges/level: 16     max edges/level: 37
mean edges/node:  1.212  mean count/edge: 17

Window=1 Iteration=4
Time for building model:         2 seconds
Time for sampling (singles):     1 second
DAG statistics
mean edges/level: 18     max edges/level: 39
mean edges/node:  1.182  mean count/edge: 15

Window=1 Iteration=5
Time for building model:         2 seconds
Time for sampling (singles):     1 second
DAG statistics
mean edges/level: 19     max edges/level: 41
mean edges/node:  1.160  mean count/edge: 14

Window=1 Iteration=6
Time for building model:         2 seconds
Time for sampling (singles):     0 seconds
DAG statistics
mean edges/level: 20     max edges/level: 43
mean edges/node:  1.153  mean count/edge: 14

Window=1 Iteration=7
Time for building model:         2 seconds
Time for sampling (singles):     0 seconds
DAG statistics
mean edges/level: 20     max edges/level: 47
mean edges/node:  1.142  mean count/edge: 14

Window=1 Iteration=8
Time for building model:         2 seconds
Time for sampling (singles):     0 seconds
DAG statistics
mean edges/level: 21     max edges/level: 46
mean edges/node:  1.142  mean count/edge: 13

Window=1 Iteration=9
Time for building model:         2 seconds
Time for sampling (singles):     0 seconds
DAG statistics
mean edges/level: 22     max edges/level: 48
mean edges/node:  1.134  mean count/edge: 12

Window=1 Iteration=10
Time for building model:         2 seconds
Time for sampling (singles):     0 seconds
DAG statistics
mean edges/level: 22     max edges/level: 49
mean edges/node:  1.131  mean count/edge: 12

Starting phasing iterations

Window=1 Iteration=11
Time for building model:         1 second
Time for sampling (singles):     6 seconds
DAG statistics
mean edges/level: 29     max edges/level: 56
mean edges/node:  1.078  mean count/edge: 9

Window=1 Iteration=12
Time for building model:         1 second
Time for sampling (singles):     6 seconds
DAG statistics
mean edges/level: 30     max edges/level: 56
mean edges/node:  1.073  mean count/edge: 9

Window=1 Iteration=13
Time for building model:         1 second
Time for sampling (singles):     6 seconds
DAG statistics
mean edges/level: 32     max edges/level: 60
mean edges/node:  1.068  mean count/edge: 9

Window=1 Iteration=14
Time for building model:         1 second
Time for sampling (singles):     6 seconds
DAG statistics
mean edges/level: 32     max edges/level: 59
mean edges/node:  1.068  mean count/edge: 9

Window=1 Iteration=15
Time for building model:         1 second
Time for sampling (singles):     6 seconds
DAG statistics
mean edges/level: 32     max edges/level: 58
mean edges/node:  1.067  mean count/edge: 9

Window 2 [ 2:173218-40802425 ]
target markers:       6352

Starting burn-in iterations

Window=2 Iteration=1
Time for building model:         1 second
Time for sampling (singles):     0 seconds
DAG statistics
mean edges/level: 13     max edges/level: 25
mean edges/node:  1.309  mean count/edge: 21

Window=2 Iteration=2
Time for building model:         1 second
Time for sampling (singles):     0 seconds
DAG statistics
mean edges/level: 14     max edges/level: 31
mean edges/node:  1.249  mean count/edge: 20

Window=2 Iteration=3
Time for building model:         1 second
Time for sampling (singles):     0 seconds
DAG statistics
mean edges/level: 16     max edges/level: 30
mean edges/node:  1.204  mean count/edge: 17

Window=2 Iteration=4
Time for building model:         1 second
Time for sampling (singles):     0 seconds
DAG statistics
mean edges/level: 17     max edges/level: 35
mean edges/node:  1.179  mean count/edge: 16

Window=2 Iteration=5
Time for building model:         1 second
Time for sampling (singles):     0 seconds
DAG statistics
mean edges/level: 18     max edges/level: 39
mean edges/node:  1.162  mean count/edge: 15

Window=2 Iteration=6
Time for building model:         1 second
Time for sampling (singles):     0 seconds
DAG statistics
mean edges/level: 19     max edges/level: 36
mean edges/node:  1.151  mean count/edge: 14

Window=2 Iteration=7
Time for building model:         1 second
Time for sampling (singles):     0 seconds
DAG statistics
mean edges/level: 19     max edges/level: 37
mean edges/node:  1.144  mean count/edge: 14

Window=2 Iteration=8
Time for building model:         1 second
Time for sampling (singles):     0 seconds
DAG statistics
mean edges/level: 20     max edges/level: 40
mean edges/node:  1.140  mean count/edge: 14

Window=2 Iteration=9
Time for building model:         1 second
Time for sampling (singles):     0 seconds
DAG statistics
mean edges/level: 20     max edges/level: 41
mean edges/node:  1.135  mean count/edge: 14

Window=2 Iteration=10
Time for building model:         1 second
Time for sampling (singles):     0 seconds
DAG statistics
mean edges/level: 21     max edges/level: 38
mean edges/node:  1.129  mean count/edge: 13

Starting phasing iterations

Window=2 Iteration=11
Time for building model:         0 seconds
Time for sampling (singles):     3 seconds
DAG statistics
mean edges/level: 27     max edges/level: 47
mean edges/node:  1.079  mean count/edge: 10

Window=2 Iteration=12
Time for building model:         1 second
Time for sampling (singles):     3 seconds
DAG statistics
mean edges/level: 29     max edges/level: 51
mean edges/node:  1.074  mean count/edge: 9

Window=2 Iteration=13
Time for building model:         1 second
Time for sampling (singles):     3 seconds
DAG statistics
mean edges/level: 30     max edges/level: 48
mean edges/node:  1.069  mean count/edge: 9

Window=2 Iteration=14
Time for building model:         1 second
Time for sampling (singles):     4 seconds
DAG statistics
mean edges/level: 30     max edges/level: 51
mean edges/node:  1.068  mean count/edge: 9

Window=2 Iteration=15
Time for building model:         1 second
Time for sampling (singles):     3 seconds
DAG statistics
mean edges/level: 31     max edges/level: 51
mean edges/node:  1.067  mean count/edge: 9

Window 3 [ 3:101574-35675133 ]
target markers:       6213

Starting burn-in iterations

Window=3 Iteration=1
Time for building model:         1 second
Time for sampling (singles):     0 seconds
DAG statistics
mean edges/level: 12     max edges/level: 26
mean edges/node:  1.339  mean count/edge: 23

Window=3 Iteration=2
Time for building model:         1 second
Time for sampling (singles):     0 seconds
DAG statistics
mean edges/level: 14     max edges/level: 31
mean edges/node:  1.281  mean count/edge: 20

Window=3 Iteration=3
Time for building model:         1 second
Time for sampling (singles):     0 seconds
DAG statistics
mean edges/level: 16     max edges/level: 35
mean edges/node:  1.219  mean count/edge: 17

Window=3 Iteration=4
Time for building model:         1 second
Time for sampling (singles):     0 seconds
DAG statistics
mean edges/level: 17     max edges/level: 38
mean edges/node:  1.190  mean count/edge: 16

Window=3 Iteration=5
Time for building model:         1 second
Time for sampling (singles):     0 seconds
DAG statistics
mean edges/level: 18     max edges/level: 40
mean edges/node:  1.169  mean count/edge: 15

Window=3 Iteration=6
Time for building model:         1 second
Time for sampling (singles):     0 seconds
DAG statistics
mean edges/level: 19     max edges/level: 44
mean edges/node:  1.157  mean count/edge: 14

Window=3 Iteration=7
Time for building model:         1 second
Time for sampling (singles):     0 seconds
DAG statistics
mean edges/level: 20     max edges/level: 48
mean edges/node:  1.146  mean count/edge: 14

Window=3 Iteration=8
Time for building model:         1 second
Time for sampling (singles):     0 seconds
DAG statistics
mean edges/level: 20     max edges/level: 43
mean edges/node:  1.138  mean count/edge: 14

Window=3 Iteration=9
Time for building model:         1 second
Time for sampling (singles):     0 seconds
DAG statistics
mean edges/level: 21     max edges/level: 44
mean edges/node:  1.133  mean count/edge: 13

Window=3 Iteration=10
Time for building model:         1 second
Time for sampling (singles):     0 seconds
DAG statistics
mean edges/level: 21     max edges/level: 45
mean edges/node:  1.132  mean count/edge: 13

Starting phasing iterations

Window=3 Iteration=11
Time for building model:         0 seconds
Time for sampling (singles):     3 seconds
DAG statistics
mean edges/level: 27     max edges/level: 48
mean edges/node:  1.082  mean count/edge: 10

Window=3 Iteration=12
Time for building model:         1 second
Time for sampling (singles):     3 seconds
DAG statistics
mean edges/level: 28     max edges/level: 55
mean edges/node:  1.076  mean count/edge: 10

Window=3 Iteration=13
Time for building model:         1 second
Time for sampling (singles):     3 seconds
DAG statistics
mean edges/level: 31     max edges/level: 49
mean edges/node:  1.070  mean count/edge: 9

Window=3 Iteration=14
Time for building model:         1 second
Time for sampling (singles):     3 seconds
DAG statistics
mean edges/level: 29     max edges/level: 52
mean edges/node:  1.072  mean count/edge: 9

Window=3 Iteration=15
Time for building model:         1 second
Time for sampling (singles):     4 seconds
DAG statistics
mean edges/level: 31     max edges/level: 54
mean edges/node:  1.069  mean count/edge: 9

Window 4 [ 4:146698-32320296 ]
target markers:       4363

Starting burn-in iterations

Window=4 Iteration=1
Time for building model:         1 second
Time for sampling (singles):     0 seconds
DAG statistics
mean edges/level: 12     max edges/level: 28
mean edges/node:  1.339  mean count/edge: 23

Window=4 Iteration=2
Time for building model:         1 second
Time for sampling (singles):     0 seconds
DAG statistics
mean edges/level: 14     max edges/level: 37
mean edges/node:  1.268  mean count/edge: 20

Window=4 Iteration=3
Time for building model:         1 second
Time for sampling (singles):     0 seconds
DAG statistics
mean edges/level: 16     max edges/level: 34
mean edges/node:  1.216  mean count/edge: 17

Window=4 Iteration=4
Time for building model:         1 second
Time for sampling (singles):     0 seconds
DAG statistics
mean edges/level: 17     max edges/level: 40
mean edges/node:  1.191  mean count/edge: 16

Window=4 Iteration=5
Time for building model:         1 second
Time for sampling (singles):     0 seconds
DAG statistics
mean edges/level: 18     max edges/level: 39
mean edges/node:  1.173  mean count/edge: 15

Window=4 Iteration=6
Time for building model:         1 second
Time for sampling (singles):     0 seconds
DAG statistics
mean edges/level: 19     max edges/level: 42
mean edges/node:  1.158  mean count/edge: 14

Window=4 Iteration=7
Time for building model:         1 second
Time for sampling (singles):     0 seconds
DAG statistics
mean edges/level: 19     max edges/level: 42
mean edges/node:  1.155  mean count/edge: 14

Window=4 Iteration=8
Time for building model:         1 second
Time for sampling (singles):     0 seconds
DAG statistics
mean edges/level: 19     max edges/level: 45
mean edges/node:  1.149  mean count/edge: 14

Window=4 Iteration=9
Time for building model:         1 second
Time for sampling (singles):     0 seconds
DAG statistics
mean edges/level: 19     max edges/level: 42
mean edges/node:  1.145  mean count/edge: 14

Window=4 Iteration=10
Time for building model:         1 second
Time for sampling (singles):     0 seconds
DAG statistics
mean edges/level: 20     max edges/level: 46
mean edges/node:  1.143  mean count/edge: 14

Starting phasing iterations

Window=4 Iteration=11
Time for building model:         0 seconds
Time for sampling (singles):     2 seconds
DAG statistics
mean edges/level: 26     max edges/level: 52
mean edges/node:  1.088  mean count/edge: 11

Window=4 Iteration=12
Time for building model:         0 seconds
Time for sampling (singles):     2 seconds
DAG statistics
mean edges/level: 28     max edges/level: 53
mean edges/node:  1.079  mean count/edge: 10

Window=4 Iteration=13
Time for building model:         0 seconds
Time for sampling (singles):     2 seconds
DAG statistics
mean edges/level: 28     max edges/level: 48
mean edges/node:  1.081  mean count/edge: 10

Window=4 Iteration=14
Time for building model:         0 seconds
Time for sampling (singles):     2 seconds
DAG statistics
mean edges/level: 28     max edges/level: 51
mean edges/node:  1.078  mean count/edge: 10

Window=4 Iteration=15
Time for building model:         0 seconds
Time for sampling (singles):     2 seconds
DAG statistics
mean edges/level: 29     max edges/level: 50
mean edges/node:  1.076  mean count/edge: 9

Window 5 [ 5:104666-30034865 ]
target markers:       7042

Starting burn-in iterations

Window=5 Iteration=1
Time for building model:         1 second
Time for sampling (singles):     0 seconds
DAG statistics
mean edges/level: 11     max edges/level: 26
mean edges/node:  1.404  mean count/edge: 25

Window=5 Iteration=2
Time for building model:         1 second
Time for sampling (singles):     0 seconds
DAG statistics
mean edges/level: 14     max edges/level: 31
mean edges/node:  1.309  mean count/edge: 20

Window=5 Iteration=3
Time for building model:         1 second
Time for sampling (singles):     0 seconds
DAG statistics
mean edges/level: 15     max edges/level: 35
mean edges/node:  1.241  mean count/edge: 18

Window=5 Iteration=4
Time for building model:         1 second
Time for sampling (singles):     0 seconds
DAG statistics
mean edges/level: 16     max edges/level: 39
mean edges/node:  1.205  mean count/edge: 17

Window=5 Iteration=5
Time for building model:         1 second
Time for sampling (singles):     0 seconds
DAG statistics
mean edges/level: 17     max edges/level: 41
mean edges/node:  1.188  mean count/edge: 16

Window=5 Iteration=6
Time for building model:         1 second
Time for sampling (singles):     0 seconds
DAG statistics
mean edges/level: 18     max edges/level: 43
mean edges/node:  1.172  mean count/edge: 15

Window=5 Iteration=7
Time for building model:         1 second
Time for sampling (singles):     0 seconds
DAG statistics
mean edges/level: 19     max edges/level: 42
mean edges/node:  1.164  mean count/edge: 14

Window=5 Iteration=8
Time for building model:         1 second
Time for sampling (singles):     0 seconds
DAG statistics
mean edges/level: 19     max edges/level: 39
mean edges/node:  1.157  mean count/edge: 14

Window=5 Iteration=9
Time for building model:         1 second
Time for sampling (singles):     0 seconds
DAG statistics
mean edges/level: 20     max edges/level: 46
mean edges/node:  1.152  mean count/edge: 14

Window=5 Iteration=10
Time for building model:         1 second
Time for sampling (singles):     0 seconds
DAG statistics
mean edges/level: 20     max edges/level: 43
mean edges/node:  1.150  mean count/edge: 14

Starting phasing iterations

Window=5 Iteration=11
Time for building model:         1 second
Time for sampling (singles):     3 seconds
DAG statistics
mean edges/level: 26     max edges/level: 50
mean edges/node:  1.092  mean count/edge: 11

Window=5 Iteration=12
Time for building model:         1 second
Time for sampling (singles):     4 seconds
DAG statistics
mean edges/level: 27     max edges/level: 48
mean edges/node:  1.085  mean count/edge: 10

Window=5 Iteration=13
Time for building model:         1 second
Time for sampling (singles):     3 seconds
DAG statistics
mean edges/level: 28     max edges/level: 52
mean edges/node:  1.082  mean count/edge: 10

Window=5 Iteration=14
Time for building model:         1 second
Time for sampling (singles):     4 seconds
DAG statistics
mean edges/level: 30     max edges/level: 49
mean edges/node:  1.077  mean count/edge: 9

Window=5 Iteration=15
Time for building model:         1 second
Time for sampling (singles):     4 seconds
DAG statistics
mean edges/level: 29     max edges/level: 49
mean edges/node:  1.079  mean count/edge: 9

Window 6 [ 6:66269-23816828 ]
target markers:       7991

Starting burn-in iterations

Window=6 Iteration=1
Time for building model:         1 second
Time for sampling (singles):     0 seconds
DAG statistics
mean edges/level: 12     max edges/level: 29
mean edges/node:  1.355  mean count/edge: 23

Window=6 Iteration=2
Time for building model:         1 second
Time for sampling (singles):     0 seconds
DAG statistics
mean edges/level: 14     max edges/level: 30
mean edges/node:  1.276  mean count/edge: 20

Window=6 Iteration=3
Time for building model:         1 second
Time for sampling (singles):     0 seconds
DAG statistics
mean edges/level: 16     max edges/level: 34
mean edges/node:  1.222  mean count/edge: 17

Window=6 Iteration=4
Time for building model:         1 second
Time for sampling (singles):     0 seconds
DAG statistics
mean edges/level: 17     max edges/level: 35
mean edges/node:  1.196  mean count/edge: 16

Window=6 Iteration=5
Time for building model:         1 second
Time for sampling (singles):     0 seconds
DAG statistics
mean edges/level: 17     max edges/level: 36
mean edges/node:  1.180  mean count/edge: 16

Window=6 Iteration=6
Time for building model:         2 seconds
Time for sampling (singles):     0 seconds
DAG statistics
mean edges/level: 18     max edges/level: 44
mean edges/node:  1.172  mean count/edge: 15

Window=6 Iteration=7
Time for building model:         2 seconds
Time for sampling (singles):     0 seconds
DAG statistics
mean edges/level: 18     max edges/level: 40
mean edges/node:  1.167  mean count/edge: 15

Window=6 Iteration=8
Time for building model:         2 seconds
Time for sampling (singles):     0 seconds
DAG statistics
mean edges/level: 19     max edges/level: 41
mean edges/node:  1.158  mean count/edge: 14

Window=6 Iteration=9
Time for building model:         2 seconds
Time for sampling (singles):     0 seconds
DAG statistics
mean edges/level: 20     max edges/level: 40
mean edges/node:  1.152  mean count/edge: 14

Window=6 Iteration=10
Time for building model:         1 second
Time for sampling (singles):     0 seconds
DAG statistics
mean edges/level: 20     max edges/level: 43
mean edges/node:  1.148  mean count/edge: 14

Starting phasing iterations

Window=6 Iteration=11
Time for building model:         1 second
Time for sampling (singles):     4 seconds
DAG statistics
mean edges/level: 26     max edges/level: 44
mean edges/node:  1.089  mean count/edge: 11

Window=6 Iteration=12
Time for building model:         1 second
Time for sampling (singles):     4 seconds
DAG statistics
mean edges/level: 28     max edges/level: 45
mean edges/node:  1.083  mean count/edge: 10

Window=6 Iteration=13
Time for building model:         1 second
Time for sampling (singles):     4 seconds
DAG statistics
mean edges/level: 28     max edges/level: 47
mean edges/node:  1.081  mean count/edge: 10

Window=6 Iteration=14
Time for building model:         1 second
Time for sampling (singles):     4 seconds
DAG statistics
mean edges/level: 29     max edges/level: 50
mean edges/node:  1.078  mean count/edge: 9

Window=6 Iteration=15
Time for building model:         1 second
Time for sampling (singles):     7 seconds
DAG statistics
mean edges/level: 29     max edges/level: 48
mean edges/node:  1.076  mean count/edge: 9

Window 7 [ 7:131417-22549496 ]
target markers:       5376

Starting burn-in iterations

Window=7 Iteration=1
Time for building model:         1 second
Time for sampling (singles):     0 seconds
DAG statistics
mean edges/level: 13     max edges/level: 25
mean edges/node:  1.321  mean count/edge: 21

Window=7 Iteration=2
Time for building model:         1 second
Time for sampling (singles):     0 seconds
DAG statistics
mean edges/level: 15     max edges/level: 34
mean edges/node:  1.249  mean count/edge: 18

Window=7 Iteration=3
Time for building model:         1 second
Time for sampling (singles):     0 seconds
DAG statistics
mean edges/level: 17     max edges/level: 32
mean edges/node:  1.207  mean count/edge: 16

Window=7 Iteration=4
Time for building model:         1 second
Time for sampling (singles):     0 seconds
DAG statistics
mean edges/level: 18     max edges/level: 35
mean edges/node:  1.187  mean count/edge: 15

Window=7 Iteration=5
Time for building model:         1 second
Time for sampling (singles):     0 seconds
DAG statistics
mean edges/level: 19     max edges/level: 36
mean edges/node:  1.161  mean count/edge: 14

Window=7 Iteration=6
Time for building model:         1 second
Time for sampling (singles):     0 seconds
DAG statistics
mean edges/level: 20     max edges/level: 42
mean edges/node:  1.151  mean count/edge: 14

Window=7 Iteration=7
Time for building model:         1 second
Time for sampling (singles):     0 seconds
DAG statistics
mean edges/level: 20     max edges/level: 40
mean edges/node:  1.147  mean count/edge: 14

Window=7 Iteration=8
Time for building model:         1 second
Time for sampling (singles):     0 seconds
DAG statistics
mean edges/level: 20     max edges/level: 51
mean edges/node:  1.142  mean count/edge: 14

Window=7 Iteration=9
Time for building model:         1 second
Time for sampling (singles):     0 seconds
DAG statistics
mean edges/level: 21     max edges/level: 44
mean edges/node:  1.138  mean count/edge: 13

Window=7 Iteration=10
Time for building model:         1 second
Time for sampling (singles):     0 seconds
DAG statistics
mean edges/level: 21     max edges/level: 51
mean edges/node:  1.136  mean count/edge: 13

Starting phasing iterations

Window=7 Iteration=11
Time for building model:         0 seconds
Time for sampling (singles):     3 seconds
DAG statistics
mean edges/level: 27     max edges/level: 46
mean edges/node:  1.083  mean count/edge: 10

Window=7 Iteration=12
Time for building model:         1 second
Time for sampling (singles):     3 seconds
DAG statistics
mean edges/level: 29     max edges/level: 49
mean edges/node:  1.076  mean count/edge: 9

Window=7 Iteration=13
Time for building model:         1 second
Time for sampling (singles):     3 seconds
DAG statistics
mean edges/level: 30     max edges/level: 52
mean edges/node:  1.073  mean count/edge: 9

Window=7 Iteration=14
Time for building model:         0 seconds
Time for sampling (singles):     3 seconds
DAG statistics
mean edges/level: 31     max edges/level: 53
mean edges/node:  1.070  mean count/edge: 9

Window=7 Iteration=15
Time for building model:         1 second
Time for sampling (singles):     3 seconds
DAG statistics
mean edges/level: 31     max edges/level: 53
mean edges/node:  1.070  mean count/edge: 9

Window 8 [ 8:66929-22113656 ]
target markers:       8229

Starting burn-in iterations

Window=8 Iteration=1
Time for building model:         1 second
Time for sampling (singles):     0 seconds
DAG statistics
mean edges/level: 12     max edges/level: 26
mean edges/node:  1.336  mean count/edge: 23

Window=8 Iteration=2
Time for building model:         1 second
Time for sampling (singles):     0 seconds
DAG statistics
mean edges/level: 15     max edges/level: 35
mean edges/node:  1.262  mean count/edge: 18

Window=8 Iteration=3
Time for building model:         1 second
Time for sampling (singles):     0 seconds
DAG statistics
mean edges/level: 16     max edges/level: 36
mean edges/node:  1.216  mean count/edge: 17

Window=8 Iteration=4
Time for building model:         1 second
Time for sampling (singles):     0 seconds
DAG statistics
mean edges/level: 17     max edges/level: 33
mean edges/node:  1.189  mean count/edge: 16

Window=8 Iteration=5
Time for building model:         1 second
Time for sampling (singles):     0 seconds
DAG statistics
mean edges/level: 18     max edges/level: 36
mean edges/node:  1.175  mean count/edge: 15

Window=8 Iteration=6
Time for building model:         1 second
Time for sampling (singles):     0 seconds
DAG statistics
mean edges/level: 19     max edges/level: 37
mean edges/node:  1.164  mean count/edge: 14

Window=8 Iteration=7
Time for building model:         1 second
Time for sampling (singles):     0 seconds
DAG statistics
mean edges/level: 19     max edges/level: 42
mean edges/node:  1.158  mean count/edge: 14

Window=8 Iteration=8
Time for building model:         1 second
Time for sampling (singles):     0 seconds
DAG statistics
mean edges/level: 20     max edges/level: 37
mean edges/node:  1.150  mean count/edge: 14

Window=8 Iteration=9
Time for building model:         1 second
Time for sampling (singles):     0 seconds
DAG statistics
mean edges/level: 21     max edges/level: 40
mean edges/node:  1.144  mean count/edge: 13

Window=8 Iteration=10
Time for building model:         1 second
Time for sampling (singles):     0 seconds
DAG statistics
mean edges/level: 21     max edges/level: 40
mean edges/node:  1.138  mean count/edge: 13

Starting phasing iterations

Window=8 Iteration=11
Time for building model:         1 second
Time for sampling (singles):     4 seconds
DAG statistics
mean edges/level: 28     max edges/level: 50
mean edges/node:  1.084  mean count/edge: 10

Window=8 Iteration=12
Time for building model:         1 second
Time for sampling (singles):     4 seconds
DAG statistics
mean edges/level: 29     max edges/level: 46
mean edges/node:  1.078  mean count/edge: 9

Window=8 Iteration=13
Time for building model:         1 second
Time for sampling (singles):     7 seconds
DAG statistics
mean edges/level: 30     max edges/level: 48
mean edges/node:  1.076  mean count/edge: 9

Window=8 Iteration=14
Time for building model:         1 second
Time for sampling (singles):     5 seconds
DAG statistics
mean edges/level: 30     max edges/level: 48
mean edges/node:  1.073  mean count/edge: 9

Window=8 Iteration=15
Time for building model:         1 second
Time for sampling (singles):     5 seconds
DAG statistics
mean edges/level: 31     max edges/level: 50
mean edges/node:  1.072  mean count/edge: 9

Window 9 [ 9:125873-21598870 ]
target markers:       7027

Starting burn-in iterations

Window=9 Iteration=1
Time for building model:         1 second
Time for sampling (singles):     0 seconds
DAG statistics
mean edges/level: 12     max edges/level: 30
mean edges/node:  1.344  mean count/edge: 23

Window=9 Iteration=2
Time for building model:         1 second
Time for sampling (singles):     0 seconds
DAG statistics
mean edges/level: 14     max edges/level: 29
mean edges/node:  1.278  mean count/edge: 20

Window=9 Iteration=3
Time for building model:         1 second
Time for sampling (singles):     0 seconds
DAG statistics
mean edges/level: 15     max edges/level: 32
mean edges/node:  1.225  mean count/edge: 18

Window=9 Iteration=4
Time for building model:         1 second
Time for sampling (singles):     0 seconds
DAG statistics
mean edges/level: 17     max edges/level: 35
mean edges/node:  1.196  mean count/edge: 16

Window=9 Iteration=5
Time for building model:         1 second
Time for sampling (singles):     0 seconds
DAG statistics
mean edges/level: 17     max edges/level: 35
mean edges/node:  1.186  mean count/edge: 16

Window=9 Iteration=6
Time for building model:         1 second
Time for sampling (singles):     0 seconds
DAG statistics
mean edges/level: 18     max edges/level: 34
mean edges/node:  1.169  mean count/edge: 15

Window=9 Iteration=7
Time for building model:         1 second
Time for sampling (singles):     0 seconds
DAG statistics
mean edges/level: 19     max edges/level: 38
mean edges/node:  1.164  mean count/edge: 14

Window=9 Iteration=8
Time for building model:         1 second
Time for sampling (singles):     0 seconds
DAG statistics
mean edges/level: 19     max edges/level: 37
mean edges/node:  1.154  mean count/edge: 14

Window=9 Iteration=9
Time for building model:         1 second
Time for sampling (singles):     0 seconds
DAG statistics
mean edges/level: 20     max edges/level: 38
mean edges/node:  1.153  mean count/edge: 14

Window=9 Iteration=10
Time for building model:         1 second
Time for sampling (singles):     0 seconds
DAG statistics
mean edges/level: 20     max edges/level: 38
mean edges/node:  1.143  mean count/edge: 14

Starting phasing iterations

Window=9 Iteration=11
Time for building model:         1 second
Time for sampling (singles):     5 seconds
DAG statistics
mean edges/level: 26     max edges/level: 44
mean edges/node:  1.090  mean count/edge: 11

Window=9 Iteration=12
Time for building model:         1 second
Time for sampling (singles):     4 seconds
DAG statistics
mean edges/level: 28     max edges/level: 45
mean edges/node:  1.081  mean count/edge: 10

Window=9 Iteration=13
Time for building model:         1 second
Time for sampling (singles):     4 seconds
DAG statistics
mean edges/level: 29     max edges/level: 48
mean edges/node:  1.079  mean count/edge: 9

Window=9 Iteration=14
Time for building model:         1 second
Time for sampling (singles):     4 seconds
DAG statistics
mean edges/level: 31     max edges/level: 54
mean edges/node:  1.072  mean count/edge: 9

Window=9 Iteration=15
Time for building model:         1 second
Time for sampling (singles):     4 seconds
DAG statistics
mean edges/level: 30     max edges/level: 50
mean edges/node:  1.074  mean count/edge: 9

Window 10 [ 10:59269-21231053 ]
target markers:       7941

Starting burn-in iterations

Window=10 Iteration=1
Time for building model:         1 second
Time for sampling (singles):     0 seconds
DAG statistics
mean edges/level: 14     max edges/level: 28
mean edges/node:  1.303  mean count/edge: 20

Window=10 Iteration=2
Time for building model:         1 second
Time for sampling (singles):     0 seconds
DAG statistics
mean edges/level: 16     max edges/level: 33
mean edges/node:  1.246  mean count/edge: 17

Window=10 Iteration=3
Time for building model:         1 second
Time for sampling (singles):     0 seconds
DAG statistics
mean edges/level: 17     max edges/level: 39
mean edges/node:  1.206  mean count/edge: 16

Window=10 Iteration=4
Time for building model:         1 second
Time for sampling (singles):     0 seconds
DAG statistics
mean edges/level: 19     max edges/level: 40
mean edges/node:  1.173  mean count/edge: 14

Window=10 Iteration=5
Time for building model:         1 second
Time for sampling (singles):     0 seconds
DAG statistics
mean edges/level: 19     max edges/level: 41
mean edges/node:  1.162  mean count/edge: 14

Window=10 Iteration=6
Time for building model:         1 second
Time for sampling (singles):     0 seconds
DAG statistics
mean edges/level: 20     max edges/level: 41
mean edges/node:  1.153  mean count/edge: 14

Window=10 Iteration=7
Time for building model:         1 second
Time for sampling (singles):     0 seconds
DAG statistics
mean edges/level: 21     max edges/level: 41
mean edges/node:  1.144  mean count/edge: 13

Window=10 Iteration=8
Time for building model:         1 second
Time for sampling (singles):     0 seconds
DAG statistics
mean edges/level: 21     max edges/level: 42
mean edges/node:  1.141  mean count/edge: 13

Window=10 Iteration=9
Time for building model:         1 second
Time for sampling (singles):     0 seconds
DAG statistics
mean edges/level: 22     max edges/level: 42
mean edges/node:  1.137  mean count/edge: 12

Window=10 Iteration=10
Time for building model:         1 second
Time for sampling (singles):     0 seconds
DAG statistics
mean edges/level: 22     max edges/level: 46
mean edges/node:  1.134  mean count/edge: 12

Starting phasing iterations

Window=10 Iteration=11
Time for building model:         1 second
Time for sampling (singles):     4 seconds
DAG statistics
mean edges/level: 28     max edges/level: 49
mean edges/node:  1.081  mean count/edge: 10

Window=10 Iteration=12
Time for building model:         1 second
Time for sampling (singles):     5 seconds
DAG statistics
mean edges/level: 30     max edges/level: 49
mean edges/node:  1.075  mean count/edge: 9

Window=10 Iteration=13
Time for building model:         1 second
Time for sampling (singles):     4 seconds
DAG statistics
mean edges/level: 31     max edges/level: 50
mean edges/node:  1.071  mean count/edge: 9

Window=10 Iteration=14
Time for building model:         1 second
Time for sampling (singles):     8 seconds
DAG statistics
mean edges/level: 33     max edges/level: 52
mean edges/node:  1.067  mean count/edge: 8

Window=10 Iteration=15
Time for building model:         1 second
Time for sampling (singles):     7 seconds
DAG statistics
mean edges/level: 33     max edges/level: 53
mean edges/node:  1.068  mean count/edge: 8

Window 11 [ 11:23490-19173288 ]
target markers:       6043

Starting burn-in iterations

Window=11 Iteration=1
Time for building model:         1 second
Time for sampling (singles):     0 seconds
DAG statistics
mean edges/level: 13     max edges/level: 28
mean edges/node:  1.316  mean count/edge: 21

Window=11 Iteration=2
Time for building model:         1 second
Time for sampling (singles):     0 seconds
DAG statistics
mean edges/level: 15     max edges/level: 32
mean edges/node:  1.259  mean count/edge: 18

Window=11 Iteration=3
Time for building model:         1 second
Time for sampling (singles):     0 seconds
DAG statistics
mean edges/level: 16     max edges/level: 33
mean edges/node:  1.212  mean count/edge: 17

Window=11 Iteration=4
Time for building model:         1 second
Time for sampling (singles):     0 seconds
DAG statistics
mean edges/level: 18     max edges/level: 36
mean edges/node:  1.186  mean count/edge: 15

Window=11 Iteration=5
Time for building model:         1 second
Time for sampling (singles):     0 seconds
DAG statistics
mean edges/level: 18     max edges/level: 37
mean edges/node:  1.173  mean count/edge: 15

Window=11 Iteration=6
Time for building model:         1 second
Time for sampling (singles):     0 seconds
DAG statistics
mean edges/level: 19     max edges/level: 40
mean edges/node:  1.154  mean count/edge: 14

Window=11 Iteration=7
Time for building model:         1 second
Time for sampling (singles):     0 seconds
DAG statistics
mean edges/level: 19     max edges/level: 35
mean edges/node:  1.153  mean count/edge: 14

Window=11 Iteration=8
Time for building model:         1 second
Time for sampling (singles):     0 seconds
DAG statistics
mean edges/level: 20     max edges/level: 39
mean edges/node:  1.148  mean count/edge: 14

Window=11 Iteration=9
Time for building model:         1 second
Time for sampling (singles):     0 seconds
DAG statistics
mean edges/level: 21     max edges/level: 37
mean edges/node:  1.142  mean count/edge: 13

Window=11 Iteration=10
Time for building model:         1 second
Time for sampling (singles):     0 seconds
DAG statistics
mean edges/level: 21     max edges/level: 39
mean edges/node:  1.139  mean count/edge: 13

Starting phasing iterations

Window=11 Iteration=11
Time for building model:         0 seconds
Time for sampling (singles):     3 seconds
DAG statistics
mean edges/level: 28     max edges/level: 45
mean edges/node:  1.083  mean count/edge: 10

Window=11 Iteration=12
Time for building model:         1 second
Time for sampling (singles):     6 seconds
DAG statistics
mean edges/level: 30     max edges/level: 48
mean edges/node:  1.075  mean count/edge: 9

Window=11 Iteration=13
Time for building model:         1 second
Time for sampling (singles):     3 seconds
DAG statistics
mean edges/level: 30     max edges/level: 54
mean edges/node:  1.073  mean count/edge: 9

Window=11 Iteration=14
Time for building model:         1 second
Time for sampling (singles):     4 seconds
DAG statistics
mean edges/level: 32     max edges/level: 51
mean edges/node:  1.069  mean count/edge: 9

Window=11 Iteration=15
Time for building model:         1 second
Time for sampling (singles):     3 seconds
DAG statistics
mean edges/level: 31     max edges/level: 48
mean edges/node:  1.069  mean count/edge: 9

Window 12 [ 12:124611-17714869 ]
target markers:       4628

Starting burn-in iterations

Window=12 Iteration=1
Time for building model:         1 second
Time for sampling (singles):     0 seconds
DAG statistics
mean edges/level: 11     max edges/level: 26
mean edges/node:  1.349  mean count/edge: 25

Window=12 Iteration=2
Time for building model:         1 second
Time for sampling (singles):     0 seconds
DAG statistics
mean edges/level: 14     max edges/level: 33
mean edges/node:  1.273  mean count/edge: 20

Window=12 Iteration=3
Time for building model:         1 second
Time for sampling (singles):     0 seconds
DAG statistics
mean edges/level: 15     max edges/level: 31
mean edges/node:  1.227  mean count/edge: 18

Window=12 Iteration=4
Time for building model:         1 second
Time for sampling (singles):     0 seconds
DAG statistics
mean edges/level: 16     max edges/level: 35
mean edges/node:  1.202  mean count/edge: 17

Window=12 Iteration=5
Time for building model:         1 second
Time for sampling (singles):     0 seconds
DAG statistics
mean edges/level: 17     max edges/level: 43
mean edges/node:  1.191  mean count/edge: 16

Window=12 Iteration=6
Time for building model:         1 second
Time for sampling (singles):     0 seconds
DAG statistics
mean edges/level: 18     max edges/level: 40
mean edges/node:  1.169  mean count/edge: 15

Window=12 Iteration=7
Time for building model:         1 second
Time for sampling (singles):     0 seconds
DAG statistics
mean edges/level: 18     max edges/level: 40
mean edges/node:  1.166  mean count/edge: 15

Window=12 Iteration=8
Time for building model:         1 second
Time for sampling (singles):     0 seconds
DAG statistics
mean edges/level: 19     max edges/level: 42
mean edges/node:  1.161  mean count/edge: 14

Window=12 Iteration=9
Time for building model:         1 second
Time for sampling (singles):     0 seconds
DAG statistics
mean edges/level: 19     max edges/level: 42
mean edges/node:  1.156  mean count/edge: 14

Window=12 Iteration=10
Time for building model:         1 second
Time for sampling (singles):     0 seconds
DAG statistics
mean edges/level: 19     max edges/level: 42
mean edges/node:  1.154  mean count/edge: 14

Starting phasing iterations

Window=12 Iteration=11
Time for building model:         0 seconds
Time for sampling (singles):     2 seconds
DAG statistics
mean edges/level: 25     max edges/level: 46
mean edges/node:  1.093  mean count/edge: 11

Window=12 Iteration=12
Time for building model:         0 seconds
Time for sampling (singles):     2 seconds
DAG statistics
mean edges/level: 27     max edges/level: 46
mean edges/node:  1.084  mean count/edge: 10

Window=12 Iteration=13
Time for building model:         0 seconds
Time for sampling (singles):     2 seconds
DAG statistics
mean edges/level: 28     max edges/level: 47
mean edges/node:  1.081  mean count/edge: 10

Window=12 Iteration=14
Time for building model:         0 seconds
Time for sampling (singles):     3 seconds
DAG statistics
mean edges/level: 29     max edges/level: 51
mean edges/node:  1.076  mean count/edge: 9

Window=12 Iteration=15
Time for building model:         0 seconds
Time for sampling (singles):     4 seconds
DAG statistics
mean edges/level: 30     max edges/level: 52
mean edges/node:  1.075  mean count/edge: 9

Window 13 [ 13:238652-14923845 ]
target markers:       5081

Starting burn-in iterations

Window=13 Iteration=1
Time for building model:         1 second
Time for sampling (singles):     0 seconds
DAG statistics
mean edges/level: 11     max edges/level: 25
mean edges/node:  1.365  mean count/edge: 25

Window=13 Iteration=2
Time for building model:         1 second
Time for sampling (singles):     0 seconds
DAG statistics
mean edges/level: 14     max edges/level: 30
mean edges/node:  1.278  mean count/edge: 20

Window=13 Iteration=3
Time for building model:         1 second
Time for sampling (singles):     0 seconds
DAG statistics
mean edges/level: 15     max edges/level: 33
mean edges/node:  1.235  mean count/edge: 18

Window=13 Iteration=4
Time for building model:         1 second
Time for sampling (singles):     0 seconds
DAG statistics
mean edges/level: 16     max edges/level: 34
mean edges/node:  1.199  mean count/edge: 17

Window=13 Iteration=5
Time for building model:         1 second
Time for sampling (singles):     0 seconds
DAG statistics
mean edges/level: 17     max edges/level: 35
mean edges/node:  1.185  mean count/edge: 16

Window=13 Iteration=6
Time for building model:         1 second
Time for sampling (singles):     0 seconds
DAG statistics
mean edges/level: 18     max edges/level: 40
mean edges/node:  1.165  mean count/edge: 15

Window=13 Iteration=7
Time for building model:         1 second
Time for sampling (singles):     0 seconds
DAG statistics
mean edges/level: 19     max edges/level: 35
mean edges/node:  1.162  mean count/edge: 14

Window=13 Iteration=8
Time for building model:         1 second
Time for sampling (singles):     0 seconds
DAG statistics
mean edges/level: 19     max edges/level: 42
mean edges/node:  1.155  mean count/edge: 14

Window=13 Iteration=9
Time for building model:         1 second
Time for sampling (singles):     0 seconds
DAG statistics
mean edges/level: 19     max edges/level: 37
mean edges/node:  1.155  mean count/edge: 14

Window=13 Iteration=10
Time for building model:         1 second
Time for sampling (singles):     0 seconds
DAG statistics
mean edges/level: 20     max edges/level: 41
mean edges/node:  1.146  mean count/edge: 14

Starting phasing iterations

Window=13 Iteration=11
Time for building model:         0 seconds
Time for sampling (singles):     3 seconds
DAG statistics
mean edges/level: 27     max edges/level: 43
mean edges/node:  1.087  mean count/edge: 10

Window=13 Iteration=12
Time for building model:         0 seconds
Time for sampling (singles):     3 seconds
DAG statistics
mean edges/level: 28     max edges/level: 46
mean edges/node:  1.083  mean count/edge: 10

Window=13 Iteration=13
Time for building model:         1 second
Time for sampling (singles):     3 seconds
DAG statistics
mean edges/level: 30     max edges/level: 45
mean edges/node:  1.076  mean count/edge: 9

Window=13 Iteration=14
Time for building model:         1 second
Time for sampling (singles):     5 seconds
DAG statistics
mean edges/level: 30     max edges/level: 48
mean edges/node:  1.073  mean count/edge: 9

Window=13 Iteration=15
Time for building model:         0 seconds
Time for sampling (singles):     3 seconds
DAG statistics
mean edges/level: 30     max edges/level: 48
mean edges/node:  1.073  mean count/edge: 9

Window 14 [ 14:127156-9035863 ]
target markers:        386

Starting burn-in iterations

Window=14 Iteration=1
Time for building model:         0 seconds
Time for sampling (singles):     0 seconds
DAG statistics
mean edges/level: 11     max edges/level: 18
mean edges/node:  1.276  mean count/edge: 25

Window=14 Iteration=2
Time for building model:         0 seconds
Time for sampling (singles):     0 seconds
DAG statistics
mean edges/level: 14     max edges/level: 23
mean edges/node:  1.186  mean count/edge: 20

Window=14 Iteration=3
Time for building model:         0 seconds
Time for sampling (singles):     0 seconds
DAG statistics
mean edges/level: 15     max edges/level: 25
mean edges/node:  1.124  mean count/edge: 18

Window=14 Iteration=4
Time for building model:         0 seconds
Time for sampling (singles):     0 seconds
DAG statistics
mean edges/level: 16     max edges/level: 28
mean edges/node:  1.093  mean count/edge: 17

Window=14 Iteration=5
Time for building model:         0 seconds
Time for sampling (singles):     0 seconds
DAG statistics
mean edges/level: 16     max edges/level: 31
mean edges/node:  1.081  mean count/edge: 17

Window=14 Iteration=6
Time for building model:         0 seconds
Time for sampling (singles):     0 seconds
DAG statistics
mean edges/level: 17     max edges/level: 30
mean edges/node:  1.081  mean count/edge: 16

Window=14 Iteration=7
Time for building model:         0 seconds
Time for sampling (singles):     0 seconds
DAG statistics
mean edges/level: 19     max edges/level: 33
mean edges/node:  1.070  mean count/edge: 14

Window=14 Iteration=8
Time for building model:         0 seconds
Time for sampling (singles):     0 seconds
DAG statistics
mean edges/level: 19     max edges/level: 32
mean edges/node:  1.071  mean count/edge: 14

Window=14 Iteration=9
Time for building model:         0 seconds
Time for sampling (singles):     0 seconds
DAG statistics
mean edges/level: 18     max edges/level: 29
mean edges/node:  1.067  mean count/edge: 15

Window=14 Iteration=10
Time for building model:         0 seconds
Time for sampling (singles):     0 seconds
DAG statistics
mean edges/level: 19     max edges/level: 32
mean edges/node:  1.066  mean count/edge: 14

Starting phasing iterations

Window=14 Iteration=11
Time for building model:         0 seconds
Time for sampling (singles):     0 seconds
DAG statistics
mean edges/level: 20     max edges/level: 33
mean edges/node:  1.050  mean count/edge: 14

Window=14 Iteration=12
Time for building model:         0 seconds
Time for sampling (singles):     0 seconds
DAG statistics
mean edges/level: 20     max edges/level: 32
mean edges/node:  1.054  mean count/edge: 14

Window=14 Iteration=13
Time for building model:         0 seconds
Time for sampling (singles):     0 seconds
DAG statistics
mean edges/level: 20     max edges/level: 34
mean edges/node:  1.052  mean count/edge: 14

Window=14 Iteration=14
Time for building model:         0 seconds
Time for sampling (singles):     0 seconds
DAG statistics
mean edges/level: 21     max edges/level: 34
mean edges/node:  1.048  mean count/edge: 13

Window=14 Iteration=15
Time for building model:         0 seconds
Time for sampling (singles):     0 seconds
DAG statistics
mean edges/level: 22     max edges/level: 38
mean edges/node:  1.045  mean count/edge: 12

Window 15 [ 15:640130-6119916 ]
target markers:         80

Starting burn-in iterations

Window=15 Iteration=1
Time for building model:         0 seconds
Time for sampling (singles):     0 seconds
DAG statistics
mean edges/level: 11     max edges/level: 20
mean edges/node:  1.347  mean count/edge: 25

Window=15 Iteration=2
Time for building model:         0 seconds
Time for sampling (singles):     0 seconds
DAG statistics
mean edges/level: 10     max edges/level: 18
mean edges/node:  1.259  mean count/edge: 27

Window=15 Iteration=3
Time for building model:         0 seconds
Time for sampling (singles):     0 seconds
DAG statistics
mean edges/level: 10     max edges/level: 18
mean edges/node:  1.180  mean count/edge: 27

Window=15 Iteration=4
Time for building model:         0 seconds
Time for sampling (singles):     0 seconds
DAG statistics
mean edges/level: 10     max edges/level: 17
mean edges/node:  1.152  mean count/edge: 27

Window=15 Iteration=5
Time for building model:         0 seconds
Time for sampling (singles):     0 seconds
DAG statistics
mean edges/level: 11     max edges/level: 19
mean edges/node:  1.146  mean count/edge: 25

Window=15 Iteration=6
Time for building model:         0 seconds
Time for sampling (singles):     0 seconds
DAG statistics
mean edges/level: 11     max edges/level: 21
mean edges/node:  1.120  mean count/edge: 25

Window=15 Iteration=7
Time for building model:         0 seconds
Time for sampling (singles):     0 seconds
DAG statistics
mean edges/level: 11     max edges/level: 18
mean edges/node:  1.123  mean count/edge: 25

Window=15 Iteration=8
Time for building model:         0 seconds
Time for sampling (singles):     0 seconds
DAG statistics
mean edges/level: 11     max edges/level: 19
mean edges/node:  1.097  mean count/edge: 25

Window=15 Iteration=9
Time for building model:         0 seconds
Time for sampling (singles):     0 seconds
DAG statistics
mean edges/level: 11     max edges/level: 18
mean edges/node:  1.107  mean count/edge: 25

Window=15 Iteration=10
Time for building model:         0 seconds
Time for sampling (singles):     0 seconds
DAG statistics
mean edges/level: 11     max edges/level: 22
mean edges/node:  1.107  mean count/edge: 25

Starting phasing iterations

Window=15 Iteration=11
Time for building model:         0 seconds
Time for sampling (singles):     0 seconds
DAG statistics
mean edges/level: 11     max edges/level: 19
mean edges/node:  1.095  mean count/edge: 25

Window=15 Iteration=12
Time for building model:         0 seconds
Time for sampling (singles):     0 seconds
DAG statistics
mean edges/level: 11     max edges/level: 20
mean edges/node:  1.094  mean count/edge: 25

Window=15 Iteration=13
Time for building model:         0 seconds
Time for sampling (singles):     0 seconds
DAG statistics
mean edges/level: 11     max edges/level: 19
mean edges/node:  1.101  mean count/edge: 25

Window=15 Iteration=14
Time for building model:         0 seconds
Time for sampling (singles):     0 seconds
DAG statistics
mean edges/level: 12     max edges/level: 18
mean edges/node:  1.091  mean count/edge: 23

Window=15 Iteration=15
Time for building model:         0 seconds
Time for sampling (singles):     0 seconds
DAG statistics
mean edges/level: 11     max edges/level: 18
mean edges/node:  1.097  mean count/edge: 25

Window 16 [ 16:70864-2770870 ]
target markers:        567

Starting burn-in iterations

Window=16 Iteration=1
Time for building model:         0 seconds
Time for sampling (singles):     0 seconds
DAG statistics
mean edges/level: 14     max edges/level: 27
mean edges/node:  1.314  mean count/edge: 20

Window=16 Iteration=2
Time for building model:         0 seconds
Time for sampling (singles):     0 seconds
DAG statistics
mean edges/level: 16     max edges/level: 32
mean edges/node:  1.228  mean count/edge: 17

Window=16 Iteration=3
Time for building model:         0 seconds
Time for sampling (singles):     0 seconds
DAG statistics
mean edges/level: 17     max edges/level: 35
mean edges/node:  1.162  mean count/edge: 16

Window=16 Iteration=4
Time for building model:         0 seconds
Time for sampling (singles):     0 seconds
DAG statistics
mean edges/level: 19     max edges/level: 29
mean edges/node:  1.136  mean count/edge: 14

Window=16 Iteration=5
Time for building model:         0 seconds
Time for sampling (singles):     0 seconds
DAG statistics
mean edges/level: 21     max edges/level: 37
mean edges/node:  1.105  mean count/edge: 13

Window=16 Iteration=6
Time for building model:         0 seconds
Time for sampling (singles):     0 seconds
DAG statistics
mean edges/level: 22     max edges/level: 33
mean edges/node:  1.100  mean count/edge: 12

Window=16 Iteration=7
Time for building model:         0 seconds
Time for sampling (singles):     0 seconds
DAG statistics
mean edges/level: 23     max edges/level: 36
mean edges/node:  1.086  mean count/edge: 12

Window=16 Iteration=8
Time for building model:         0 seconds
Time for sampling (singles):     0 seconds
DAG statistics
mean edges/level: 23     max edges/level: 36
mean edges/node:  1.084  mean count/edge: 12

Window=16 Iteration=9
Time for building model:         0 seconds
Time for sampling (singles):     0 seconds
DAG statistics
mean edges/level: 24     max edges/level: 37
mean edges/node:  1.084  mean count/edge: 11

Window=16 Iteration=10
Time for building model:         0 seconds
Time for sampling (singles):     0 seconds
DAG statistics
mean edges/level: 23     max edges/level: 37
mean edges/node:  1.081  mean count/edge: 12

Starting phasing iterations

Window=16 Iteration=11
Time for building model:         0 seconds
Time for sampling (singles):     0 seconds
DAG statistics
mean edges/level: 26     max edges/level: 41
mean edges/node:  1.062  mean count/edge: 11

Window=16 Iteration=12
Time for building model:         0 seconds
Time for sampling (singles):     0 seconds
DAG statistics
mean edges/level: 26     max edges/level: 40
mean edges/node:  1.064  mean count/edge: 11

Window=16 Iteration=13
Time for building model:         0 seconds
Time for sampling (singles):     0 seconds
DAG statistics
mean edges/level: 27     max edges/level: 40
mean edges/node:  1.059  mean count/edge: 10

Window=16 Iteration=14
Time for building model:         0 seconds
Time for sampling (singles):     0 seconds
DAG statistics
mean edges/level: 25     max edges/level: 43
mean edges/node:  1.062  mean count/edge: 11

Window=16 Iteration=15
Time for building model:         0 seconds
Time for sampling (singles):     0 seconds
DAG statistics
mean edges/level: 28     max edges/level: 44
mean edges/node:  1.056  mean count/edge: 10

Window 17 [ 17:302383-2568756 ]
target markers:         59

Starting burn-in iterations

Window=17 Iteration=1
Time for building model:         0 seconds
Time for sampling (singles):     0 seconds
DAG statistics
mean edges/level: 8      max edges/level: 15
mean edges/node:  1.405  mean count/edge: 34

Window=17 Iteration=2
Time for building model:         0 seconds
Time for sampling (singles):     0 seconds
DAG statistics
mean edges/level: 8      max edges/level: 14
mean edges/node:  1.268  mean count/edge: 34

Window=17 Iteration=3
Time for building model:         0 seconds
Time for sampling (singles):     0 seconds
DAG statistics
mean edges/level: 8      max edges/level: 13
mean edges/node:  1.193  mean count/edge: 34

Window=17 Iteration=4
Time for building model:         0 seconds
Time for sampling (singles):     0 seconds
DAG statistics
mean edges/level: 8      max edges/level: 13
mean edges/node:  1.160  mean count/edge: 34

Window=17 Iteration=5
Time for building model:         0 seconds
Time for sampling (singles):     0 seconds
DAG statistics
mean edges/level: 8      max edges/level: 14
mean edges/node:  1.159  mean count/edge: 34

Window=17 Iteration=6
Time for building model:         0 seconds
Time for sampling (singles):     0 seconds
DAG statistics
mean edges/level: 8      max edges/level: 14
mean edges/node:  1.116  mean count/edge: 34

Window=17 Iteration=7
Time for building model:         0 seconds
Time for sampling (singles):     0 seconds
DAG statistics
mean edges/level: 8      max edges/level: 14
mean edges/node:  1.123  mean count/edge: 34

Window=17 Iteration=8
Time for building model:         0 seconds
Time for sampling (singles):     0 seconds
DAG statistics
mean edges/level: 8      max edges/level: 14
mean edges/node:  1.110  mean count/edge: 34

Window=17 Iteration=9
Time for building model:         0 seconds
Time for sampling (singles):     0 seconds
DAG statistics
mean edges/level: 8      max edges/level: 14
mean edges/node:  1.117  mean count/edge: 34

Window=17 Iteration=10
Time for building model:         0 seconds
Time for sampling (singles):     0 seconds
DAG statistics
mean edges/level: 8      max edges/level: 14
mean edges/node:  1.102  mean count/edge: 34

Starting phasing iterations

Window=17 Iteration=11
Time for building model:         0 seconds
Time for sampling (singles):     0 seconds
DAG statistics
mean edges/level: 8      max edges/level: 14
mean edges/node:  1.115  mean count/edge: 34

Window=17 Iteration=12
Time for building model:         0 seconds
Time for sampling (singles):     0 seconds
DAG statistics
mean edges/level: 8      max edges/level: 14
mean edges/node:  1.104  mean count/edge: 34

Window=17 Iteration=13
Time for building model:         0 seconds
Time for sampling (singles):     0 seconds
DAG statistics
mean edges/level: 8      max edges/level: 13
mean edges/node:  1.110  mean count/edge: 34

Window=17 Iteration=14
Time for building model:         0 seconds
Time for sampling (singles):     0 seconds
DAG statistics
mean edges/level: 8      max edges/level: 14
mean edges/node:  1.100  mean count/edge: 34

Window=17 Iteration=15
Time for building model:         0 seconds
Time for sampling (singles):     0 seconds
DAG statistics
mean edges/level: 8      max edges/level: 13
mean edges/node:  1.106  mean count/edge: 34

Window 18 [ 18:195028-1186492 ]
target markers:         34

Starting burn-in iterations

Window=18 Iteration=1
Time for building model:         0 seconds
Time for sampling (singles):     0 seconds
DAG statistics
mean edges/level: 5      max edges/level: 10
mean edges/node:  1.388  mean count/edge: 55

Window=18 Iteration=2
Time for building model:         0 seconds
Time for sampling (singles):     0 seconds
DAG statistics
mean edges/level: 5      max edges/level: 8
mean edges/node:  1.336  mean count/edge: 55

Window=18 Iteration=3
Time for building model:         0 seconds
Time for sampling (singles):     0 seconds
DAG statistics
mean edges/level: 5      max edges/level: 7
mean edges/node:  1.266  mean count/edge: 55

Window=18 Iteration=4
Time for building model:         0 seconds
Time for sampling (singles):     0 seconds
DAG statistics
mean edges/level: 5      max edges/level: 7
mean edges/node:  1.246  mean count/edge: 55

Window=18 Iteration=5
Time for building model:         0 seconds
Time for sampling (singles):     0 seconds
DAG statistics
mean edges/level: 5      max edges/level: 7
mean edges/node:  1.244  mean count/edge: 55

Window=18 Iteration=6
Time for building model:         0 seconds
Time for sampling (singles):     0 seconds
DAG statistics
mean edges/level: 5      max edges/level: 8
mean edges/node:  1.238  mean count/edge: 55

Window=18 Iteration=7
Time for building model:         0 seconds
Time for sampling (singles):     0 seconds
DAG statistics
mean edges/level: 5      max edges/level: 7
mean edges/node:  1.252  mean count/edge: 55

Window=18 Iteration=8
Time for building model:         0 seconds
Time for sampling (singles):     0 seconds
DAG statistics
mean edges/level: 5      max edges/level: 7
mean edges/node:  1.231  mean count/edge: 55

Window=18 Iteration=9
Time for building model:         0 seconds
Time for sampling (singles):     0 seconds
DAG statistics
mean edges/level: 5      max edges/level: 8
mean edges/node:  1.208  mean count/edge: 55

Window=18 Iteration=10
Time for building model:         0 seconds
Time for sampling (singles):     0 seconds
DAG statistics
mean edges/level: 5      max edges/level: 7
mean edges/node:  1.231  mean count/edge: 55

Starting phasing iterations

Window=18 Iteration=11
Time for building model:         0 seconds
Time for sampling (singles):     0 seconds
DAG statistics
mean edges/level: 5      max edges/level: 8
mean edges/node:  1.197  mean count/edge: 55

Window=18 Iteration=12
Time for building model:         0 seconds
Time for sampling (singles):     0 seconds
DAG statistics
mean edges/level: 5      max edges/level: 8
mean edges/node:  1.190  mean count/edge: 55

Window=18 Iteration=13
Time for building model:         0 seconds
Time for sampling (singles):     0 seconds
DAG statistics
mean edges/level: 5      max edges/level: 7
mean edges/node:  1.212  mean count/edge: 55

Window=18 Iteration=14
Time for building model:         0 seconds
Time for sampling (singles):     0 seconds
DAG statistics
mean edges/level: 5      max edges/level: 8
mean edges/node:  1.190  mean count/edge: 55

Window=18 Iteration=15
Time for building model:         0 seconds
Time for sampling (singles):     0 seconds
DAG statistics
mean edges/level: 5      max edges/level: 7
mean edges/node:  1.212  mean count/edge: 55

Number of markers:               88289
Total time for building model: 3 minutes 6 seconds
Total time for sampling:       4 minutes 51 seconds
Total run time:                8 minutes 14 seconds

End time: 06:17 PM UTC on 13 May 2026
beagle.27Jan18.7e1.jar (version 4.1) finished
